Component: ARM Compiler 5.06 update 7 (build 960) Tool: armlink [4d3601]

==============================================================================

Section Cross References

    startup_at32f425.o(RESET) refers to startup_at32f425.o(STACK) for __initial_sp
    startup_at32f425.o(RESET) refers to startup_at32f425.o(.text) for Reset_Handler
    startup_at32f425.o(RESET) refers to at32f425_int.o(i.NMI_Handler) for NMI_Handler
    startup_at32f425.o(RESET) refers to at32f425_int.o(i.HardFault_Handler) for HardFault_Handler
    startup_at32f425.o(RESET) refers to at32f425_int.o(i.MemManage_Handler) for MemManage_Handler
    startup_at32f425.o(RESET) refers to at32f425_int.o(i.BusFault_Handler) for BusFault_Handler
    startup_at32f425.o(RESET) refers to at32f425_int.o(i.UsageFault_Handler) for UsageFault_Handler
    startup_at32f425.o(RESET) refers to at32f425_int.o(i.SVC_Handler) for SVC_Handler
    startup_at32f425.o(RESET) refers to at32f425_int.o(i.DebugMon_Handler) for DebugMon_Handler
    startup_at32f425.o(RESET) refers to at32f425_int.o(i.PendSV_Handler) for PendSV_Handler
    startup_at32f425.o(RESET) refers to at32f425_int.o(i.SysTick_Handler) for SysTick_Handler
    startup_at32f425.o(RESET) refers to argb.o(i.DMA1_Channel7_4_IRQHandler) for DMA1_Channel7_4_IRQHandler
    startup_at32f425.o(RESET) refers to at32_timer.o(i.TMR1_BRK_OVF_TRG_HALL_IRQHandler) for TMR1_BRK_OVF_TRG_HALL_IRQHandler
    startup_at32f425.o(RESET) refers to fan_rpm.o(i.TMR3_GLOBAL_IRQHandler) for TMR3_GLOBAL_IRQHandler
    startup_at32f425.o(RESET) refers to at32_usb.o(i.OTGFS1_IRQHandler) for OTGFS1_IRQHandler
    startup_at32f425.o(.text) refers to system_at32f425.o(i.SystemInit) for SystemInit
    startup_at32f425.o(.text) refers to entry.o(.ARM.Collect$$$$00000000) for __main
    system_at32f425.o(i.system_core_clock_update) refers to at32f425_crm.o(i.crm_sysclk_switch_status_get) for crm_sysclk_switch_status_get
    system_at32f425.o(i.system_core_clock_update) refers to uldiv.o(.text) for __aeabi_uldivmod
    system_at32f425.o(i.system_core_clock_update) refers to system_at32f425.o(.data) for .data
    system_at32f425.o(i.system_core_clock_update) refers to system_at32f425.o(.constdata) for .constdata
    at32f425_adc.o(i.adc_reset) refers to at32f425_crm.o(i.crm_periph_reset) for crm_periph_reset
    at32f425_can.o(i.can_message_receive) refers to at32f425_can.o(i.can_receive_fifo_release) for can_receive_fifo_release
    at32f425_can.o(i.can_reset) refers to at32f425_crm.o(i.crm_periph_reset) for crm_periph_reset
    at32f425_crm.o(i.crm_clocks_freq_get) refers to at32f425_crm.o(i.crm_sysclk_switch_status_get) for crm_sysclk_switch_status_get
    at32f425_crm.o(i.crm_clocks_freq_get) refers to uldiv.o(.text) for __aeabi_uldivmod
    at32f425_crm.o(i.crm_clocks_freq_get) refers to at32f425_crm.o(.constdata) for .constdata
    at32f425_crm.o(i.crm_hext_stable_wait) refers to at32f425_crm.o(i.crm_flag_get) for crm_flag_get
    at32f425_crm.o(i.crm_hick_sclk_frequency_select) refers to at32f425_crm.o(i.crm_hick_divider_select) for crm_hick_divider_select
    at32f425_crm.o(i.crm_usb_clock_source_select) refers to at32f425_crm.o(i.crm_hick_sclk_frequency_select) for crm_hick_sclk_frequency_select
    at32f425_ertc.o(i.ertc_alarm_enable) refers to at32f425_ertc.o(i.ertc_write_protect_disable) for ertc_write_protect_disable
    at32f425_ertc.o(i.ertc_alarm_enable) refers to at32f425_ertc.o(i.ertc_wait_flag) for ertc_wait_flag
    at32f425_ertc.o(i.ertc_alarm_enable) refers to at32f425_ertc.o(i.ertc_write_protect_enable) for ertc_write_protect_enable
    at32f425_ertc.o(i.ertc_alarm_get) refers to at32f425_ertc.o(i.ertc_bcd_to_num) for ertc_bcd_to_num
    at32f425_ertc.o(i.ertc_alarm_mask_set) refers to at32f425_ertc.o(i.ertc_write_protect_disable) for ertc_write_protect_disable
    at32f425_ertc.o(i.ertc_alarm_mask_set) refers to at32f425_ertc.o(i.ertc_write_protect_enable) for ertc_write_protect_enable
    at32f425_ertc.o(i.ertc_alarm_set) refers to at32f425_ertc.o(i.ertc_num_to_bcd) for ertc_num_to_bcd
    at32f425_ertc.o(i.ertc_alarm_set) refers to at32f425_ertc.o(i.ertc_write_protect_disable) for ertc_write_protect_disable
    at32f425_ertc.o(i.ertc_alarm_set) refers to at32f425_ertc.o(i.ertc_write_protect_enable) for ertc_write_protect_enable
    at32f425_ertc.o(i.ertc_alarm_sub_second_set) refers to at32f425_ertc.o(i.ertc_write_protect_disable) for ertc_write_protect_disable
    at32f425_ertc.o(i.ertc_alarm_sub_second_set) refers to at32f425_ertc.o(i.ertc_write_protect_enable) for ertc_write_protect_enable
    at32f425_ertc.o(i.ertc_alarm_week_date_select) refers to at32f425_ertc.o(i.ertc_write_protect_disable) for ertc_write_protect_disable
    at32f425_ertc.o(i.ertc_alarm_week_date_select) refers to at32f425_ertc.o(i.ertc_write_protect_enable) for ertc_write_protect_enable
    at32f425_ertc.o(i.ertc_bpr_data_write) refers to at32f425_ertc.o(i.ertc_write_protect_disable) for ertc_write_protect_disable
[...]
    i.usb_flush_tx_fifo                      0x080035b4   Section        0  at32f425_usb.o(i.usb_flush_tx_fifo)
    i.usb_get_all_in_interrupt               0x080035e0   Section        0  at32f425_usb.o(i.usb_get_all_in_interrupt)
    i.usb_get_all_out_interrupt              0x080035ee   Section        0  at32f425_usb.o(i.usb_get_all_out_interrupt)
    i.usb_global_clear_interrupt             0x080035fc   Section        0  at32f425_usb.o(i.usb_global_clear_interrupt)
    i.usb_global_get_all_interrupt           0x08003600   Section        0  at32f425_usb.o(i.usb_global_get_all_interrupt)
    i.usb_global_init                        0x08003608   Section        0  at32f425_usb.o(i.usb_global_init)
    i.usb_global_interrupt_enable            0x0800361c   Section        0  at32f425_usb.o(i.usb_global_interrupt_enable)
    i.usb_global_reset                       0x08003630   Section        0  at32f425_usb.o(i.usb_global_reset)
    i.usb_global_select_core                 0x08003668   Section        0  at32f425_usb.o(i.usb_global_select_core)
    i.usb_global_set_mode                    0x0800366e   Section        0  at32f425_usb.o(i.usb_global_set_mode)
    i.usb_gpio_config                        0x080036ac   Section        0  at32_usb.o(i.usb_gpio_config)
    i.usb_hid_buf_process                    0x080036c4   Section        0  custom_hid_class.o(i.usb_hid_buf_process)
    usb_hid_buf_process                      0x080036c5   Thumb Code    56  custom_hid_class.o(i.usb_hid_buf_process)
    i.usb_interrupt_disable                  0x080036fc   Section        0  at32f425_usb.o(i.usb_interrupt_disable)
    i.usb_interrupt_enable                   0x08003706   Section        0  at32f425_usb.o(i.usb_interrupt_enable)
    i.usb_open_phy_clk                       0x08003710   Section        0  at32f425_usb.o(i.usb_open_phy_clk)
    i.usb_read_packet                        0x0800371e   Section        0  at32f425_usb.o(i.usb_read_packet)
    i.usb_set_address                        0x08003738   Section        0  at32f425_usb.o(i.usb_set_address)
    i.usb_set_rx_fifo                        0x08003746   Section        0  at32f425_usb.o(i.usb_set_rx_fifo)
    i.usb_set_tx_fifo                        0x0800374a   Section        0  at32f425_usb.o(i.usb_set_tx_fifo)
    i.usb_stop_phy_clk                       0x08003788   Section        0  at32f425_usb.o(i.usb_stop_phy_clk)
    i.usb_suspend_status_get                 0x08003796   Section        0  at32f425_usb.o(i.usb_suspend_status_get)
    i.usb_write_empty_txfifo                 0x080037a0   Section        0  usbd_int.o(i.usb_write_empty_txfifo)
    i.usb_write_packet                       0x08003824   Section        0  at32f425_usb.o(i.usb_write_packet)
    i.usbd_clear_feature                     0x08003842   Section        0  usbd_sdr.o(i.usbd_clear_feature)
    usbd_clear_feature                       0x08003843   Thumb Code    72  usbd_sdr.o(i.usbd_clear_feature)
    i.usbd_clear_stall                       0x0800388a   Section        0  usbd_core.o(i.usbd_clear_stall)
    i.usbd_connect                           0x080038b8   Section        0  usbd_core.o(i.usbd_connect)
    i.usbd_connect_state_get                 0x080038be   Section        0  usbd_core.o(i.usbd_connect_state_get)
    i.usbd_core_in_handler                   0x080038c4   Section        0  usbd_core.o(i.usbd_core_in_handler)
    i.usbd_core_init                         0x08003974   Section        0  usbd_core.o(i.usbd_core_init)
    i.usbd_core_out_handler                  0x08003a84   Section        0  usbd_core.o(i.usbd_core_out_handler)
    i.usbd_core_setup_handler                0x08003af8   Section        0  usbd_core.o(i.usbd_core_setup_handler)
    i.usbd_ctrl_recv                         0x08003b48   Section        0  usbd_core.o(i.usbd_ctrl_recv)
    i.usbd_ctrl_recv_status                  0x08003b60   Section        0  usbd_core.o(i.usbd_ctrl_recv_status)
    i.usbd_ctrl_send                         0x08003b70   Section        0  usbd_core.o(i.usbd_ctrl_send)
    i.usbd_ctrl_send_status                  0x08003b88   Section        0  usbd_core.o(i.usbd_ctrl_send_status)
    i.usbd_ctrl_unsupport                    0x08003b98   Section        0  usbd_core.o(i.usbd_ctrl_unsupport)
    i.usbd_device_request                    0x08003bb0   Section        0  usbd_sdr.o(i.usbd_device_request)
    i.usbd_disconnect                        0x08003c12   Section        0  usbd_core.o(i.usbd_disconnect)
    i.usbd_endpoint_request                  0x08003c18   Section        0  usbd_sdr.o(i.usbd_endpoint_request)
    i.usbd_enter_suspend                     0x08003d50   Section        0  usbd_core.o(i.usbd_enter_suspend)
    i.usbd_enumdone_handler                  0x08003d6a   Section        0  usbd_int.o(i.usbd_enumdone_handler)
    i.usbd_ept_close                         0x08003db2   Section        0  usbd_core.o(i.usbd_ept_close)
    i.usbd_ept_open                          0x08003dd4   Section        0  usbd_core.o(i.usbd_ept_open)
    i.usbd_ept_recv                          0x08003e08   Section        0  usbd_core.o(i.usbd_ept_recv)
    i.usbd_ept_send                          0x08003eac   Section        0  usbd_core.o(i.usbd_ept_send)
    i.usbd_fifo_alloc                        0x08003fa2   Section        0  usbd_core.o(i.usbd_fifo_alloc)
    i.usbd_get_configuration                 0x0800400a   Section        0  usbd_sdr.o(i.usbd_get_configuration)
    usbd_get_configuration                   0x0800400b   Thumb Code    70  usbd_sdr.o(i.usbd_get_configuration)
    i.usbd_get_descriptor                    0x08004050   Section        0  usbd_sdr.o(i.usbd_get_descriptor)
    usbd_get_descriptor                      0x08004051   Thumb Code   198  usbd_sdr.o(i.usbd_get_descriptor)
    i.usbd_get_recv_len                      0x08004116   Section        0  usbd_core.o(i.usbd_get_recv_len)
    i.usbd_get_status                        0x0800412c   Section        0  usbd_sdr.o(i.usbd_get_status)
    usbd_get_status                          0x0800412d   Thumb Code    54  usbd_sdr.o(i.usbd_get_status)
    i.usbd_incomisioin_handler               0x08004162   Section        0  usbd_int.o(i.usbd_incomisioin_handler)
    i.usbd_incomisoout_handler               0x08004170   Section        0  usbd_int.o(i.usbd_incomisoout_handler)
    i.usbd_inept_handler                     0x0800417e   Section        0  usbd_int.o(i.usbd_inept_handler)
    i.usbd_init                              0x08004216   Section        0  usb_core.o(i.usbd_init)
    i.usbd_int_to_unicode                    0x0800426a   Section        0  custom_hid_desc.o(i.usbd_int_to_unicode)
    usbd_int_to_unicode                      0x0800426b   Thumb Code    58  custom_hid_desc.o(i.usbd_int_to_unicode)
    i.usbd_interface_request                 0x080042a4   Section        0  usbd_sdr.o(i.usbd_interface_request)
    i.usbd_irq_handler                       0x080042d8   Section        0  usbd_int.o(i.usbd_irq_handler)
    i.usbd_outept_handler                    0x080043a6   Section        0  usbd_int.o(i.usbd_outept_handler)
    i.usbd_reset_handler                     0x0800442a   Section        0  usbd_int.o(i.usbd_reset_handler)
    i.usbd_rxflvl_handler                    0x080044c8   Section        0  usbd_int.o(i.usbd_rxflvl_handler)
    i.usbd_set_address                       0x0800453c   Section        0  usbd_sdr.o(i.usbd_set_address)
    usbd_set_address                         0x0800453d   Thumb Code    72  usbd_sdr.o(i.usbd_set_address)
    i.usbd_set_configuration                 0x08004584   Section        0  usbd_sdr.o(i.usbd_set_configuration)
    usbd_set_configuration                   0x08004585   Thumb Code   166  usbd_sdr.o(i.usbd_set_configuration)
    i.usbd_set_feature                       0x08004630   Section        0  usbd_sdr.o(i.usbd_set_feature)
    usbd_set_feature                         0x08004631   Thumb Code    38  usbd_sdr.o(i.usbd_set_feature)
    i.usbd_set_stall                         0x08004656   Section        0  usbd_core.o(i.usbd_set_stall)
    i.usbd_setup_request_parse               0x08004684   Section        0  usbd_sdr.o(i.usbd_setup_request_parse)
    i.usbd_sof_handler                       0x080046ac   Section        0  usbd_int.o(i.usbd_sof_handler)
    i.usbd_suspend_handler                   0x080046b8   Section        0  usbd_int.o(i.usbd_suspend_handler)
    i.usbd_unicode_convert                   0x080046ee   Section        0  custom_hid_desc.o(i.usbd_unicode_convert)
    usbd_unicode_convert                     0x080046ef   Thumb Code    50  custom_hid_desc.o(i.usbd_unicode_convert)
    i.usbd_wakeup_handler                    0x08004720   Section        0  usbd_int.o(i.usbd_wakeup_handler)
    .constdata                               0x08004752   Section       16  system_at32f425.o(.constdata)
    sys_ahb_div_table                        0x08004752   Data          16  system_at32f425.o(.constdata)
    .constdata                               0x08004762   Section       40  at32f425_crm.o(.constdata)
    ahb_apb1_div_table                       0x08004762   Data           8  at32f425_crm.o(.constdata)
    ahb_apb2_div_table                       0x0800476a   Data           8  at32f425_crm.o(.constdata)
    adc_div_table                            0x08004772   Data           8  at32f425_crm.o(.constdata)
    sclk_ahb_div_table                       0x0800477a   Data          16  at32f425_crm.o(.constdata)
    .data                                    0x20000000   Section        4  system_at32f425.o(.data)
    .data                                    0x20000004   Section        8  delay.o(.data)
    fac_us                                   0x20000004   Data           4  delay.o(.data)
    fac_ms                                   0x20000008   Data           4  delay.o(.data)
    .data                                    0x2000000c   Section        1  at32_usb.o(.data)
    .data                                    0x20000010   Section       28  digital_show.o(.data)
    .data                                    0x2000002c   Section        1  digital_show.o(.data)
    .data                                    0x20000030   Section       23  fan_pwm.o(.data)
    .data                                    0x20000047   Section        7  cn9122c1s96.o(.data)
    .data                                    0x20000050   Section       16  fan_rpm.o(.data)
    .data                                    0x20000060   Section       40  custom_hid_class.o(.data)
    .data                                    0x20000088   Section       40  custom_hid_desc.o(.data)
    .data                                    0x200000b0   Section       18  custom_hid_desc.o(.data)
    g_usbd_descriptor                        0x200000b0   Data          18  custom_hid_desc.o(.data)
    .data                                    0x200000c4   Section       41  custom_hid_desc.o(.data)
    g_usbd_configuration                     0x200000c4   Data          41  custom_hid_desc.o(.data)
    .data                                    0x200000f0   Section      126  custom_hid_desc.o(.data)
    .data                                    0x20000170   Section        9  custom_hid_desc.o(.data)
    .data                                    0x2000017c   Section        4  custom_hid_desc.o(.data)
    g_string_lang_id                         0x2000017c   Data           4  custom_hid_desc.o(.data)
    .data                                    0x20000180   Section       66  custom_hid_desc.o(.data)
    device_descriptor                        0x20000180   Data           8  custom_hid_desc.o(.data)
    config_descriptor                        0x20000188   Data           8  custom_hid_desc.o(.data)
    langid_descriptor                        0x20000190   Data           8  custom_hid_desc.o(.data)
    serial_descriptor                        0x20000198   Data           8  custom_hid_desc.o(.data)
    vp_desc                                  0x200001a0   Data           8  custom_hid_desc.o(.data)
    g_string_serial                          0x200001a8   Data          26  custom_hid_desc.o(.data)
    .data                                    0x200001c2   Section        1  usbd_sdr.o(.data)
    config_value                             0x200001c2   Data           1  usbd_sdr.o(.data)
    .bss                                     0x200001c4   Section      840  at32_usb.o(.bss)
    .bss                                     0x2000050c   Section      576  soft_timer.o(.bss)
    .bss                                     0x2000074c   Section       20  at32_timer.o(.bss)
    .bss                                     0x20000760   Section      336  digital_show.o(.bss)
    .bss                                     0x200008b0   Section       52  iic.o(.bss)
    .bss                                     0x200008e4   Section       12  cn9122c1s96.o(.bss)
    .bss                                     0x200008f0   Section      272  custom_hid_class.o(.bss)
    .bss                                     0x20000a00   Section      256  custom_hid_desc.o(.bss)
    g_usbd_desc_buffer                       0x20000a00   Data         256  custom_hid_desc.o(.bss)
    STACK                                    0x20000b00   Section     1024  startup_at32f425.o(STACK)

    Global Symbols

    Symbol Name                              Value     Ov Type        Size  Object(Section)

    BuildAttributes$$THM_ISAv4$E$P$D$K$B$S$7EM$PE$A:L22UL41UL21$X:L11$S22US41US21$IEEE1$IW$USESV6$~STKCKD$USESV7$~SHL$OTIME$ROPI$EBA8$MICROLIB$REQ8$PRES8$EABIv2 0x00000000   Number         0  anon$$obj.o ABSOLUTE
    __ARM_use_no_argv                        0x00000000   Number         0  main.o ABSOLUTE
    __arm_fini_                               - Undefined Weak Reference
    __cpp_initialize__aeabi_                  - Undefined Weak Reference
    __cxa_finalize                            - Undefined Weak Reference
    _clock_init                               - Undefined Weak Reference
    _microlib_exit                            - Undefined Weak Reference
    __Vectors_Size                           0x000000d0   Number         0  startup_at32f425.o ABSOLUTE
    __Vectors                                0x08000000   Data           4  startup_at32f425.o(RESET)
    __Vectors_End                            0x080000d0   Data           0  startup_at32f425.o(RESET)
    __main                                   0x080000d1   Thumb Code     0  entry.o(.ARM.Collect$$$$00000000)
    _main_stk                                0x080000d1   Thumb Code     0  entry2.o(.ARM.Collect$$$$00000001)
    _main_scatterload                        0x080000d5   Thumb Code     0  entry5.o(.ARM.Collect$$$$00000004)
    __main_after_scatterload                 0x080000d9   Thumb Code     0  entry5.o(.ARM.Collect$$$$00000004)
    _main_clock                              0x080000d9   Thumb Code     0  entry7b.o(.ARM.Collect$$$$00000008)
    _main_cpp_init                           0x080000d9   Thumb Code     0  entry8b.o(.ARM.Collect$$$$0000000A)
    _main_init                               0x080000d9   Thumb Code     0  entry9a.o(.ARM.Collect$$$$0000000B)
    __rt_lib_shutdown_fini                   0x080000e1   Thumb Code     0  entry12b.o(.ARM.Collect$$$$0000000E)
    __rt_final_cpp                           0x080000e5   Thumb Code     0  entry10a.o(.ARM.Collect$$$$0000000F)
    __rt_final_exit                          0x080000e5   Thumb Code     0  entry11a.o(.ARM.Collect$$$$00000011)
    Reset_Handler                            0x080000e9   Thumb Code     8  startup_at32f425.o(.text)
    ACC_IRQHandler                           0x08000103   Thumb Code     0  startup_at32f425.o(.text)
    ADC1_IRQHandler                          0x08000103   Thumb Code     0  startup_at32f425.o(.text)
    CAN1_IRQHandler                          0x08000103   Thumb Code     0  startup_at32f425.o(.text)
    CRM_IRQHandler                           0x08000103   Thumb Code     0  startup_at32f425.o(.text)
    DMA1_Channel1_IRQHandler                 0x08000103   Thumb Code     0  startup_at32f425.o(.text)
    DMA1_Channel3_2_IRQHandler               0x08000103   Thumb Code     0  startup_at32f425.o(.text)
    ERTC_IRQHandler                          0x08000103   Thumb Code     0  startup_at32f425.o(.text)
    EXINT15_4_IRQHandler                     0x08000103   Thumb Code     0  startup_at32f425.o(.text)
    EXINT1_0_IRQHandler                      0x08000103   Thumb Code     0  startup_at32f425.o(.text)
    EXINT3_2_IRQHandler                      0x08000103   Thumb Code     0  startup_at32f425.o(.text)
    FLASH_IRQHandler                         0x08000103   Thumb Code     0  startup_at32f425.o(.text)
    I2C1_ERR_IRQHandler                      0x08000103   Thumb Code     0  startup_at32f425.o(.text)
    I2C1_EVT_IRQHandler                      0x08000103   Thumb Code     0  startup_at32f425.o(.text)
    I2C2_ERR_IRQHandler                      0x08000103   Thumb Code     0  startup_at32f425.o(.text)
    I2C2_EVT_IRQHandler                      0x08000103   Thumb Code     0  startup_at32f425.o(.text)
    PVM_IRQHandler                           0x08000103   Thumb Code     0  startup_at32f425.o(.text)
    SPI1_IRQHandler                          0x08000103   Thumb Code     0  startup_at32f425.o(.text)
    SPI2_IRQHandler                          0x08000103   Thumb Code     0  startup_at32f425.o(.text)
    SPI3_IRQHandler                          0x08000103   Thumb Code     0  startup_at32f425.o(.text)
    TMR13_GLOBAL_IRQHandler                  0x08000103   Thumb Code     0  startup_at32f425.o(.text)
    TMR14_GLOBAL_IRQHandler                  0x08000103   Thumb Code     0  startup_at32f425.o(.text)
    TMR15_GLOBAL_IRQHandler                  0x08000103   Thumb Code     0  startup_at32f425.o(.text)
    TMR16_GLOBAL_IRQHandler                  0x08000103   Thumb Code     0  startup_at32f425.o(.text)
    TMR17_GLOBAL_IRQHandler                  0x08000103   Thumb Code     0  startup_at32f425.o(.text)
    TMR1_CH_IRQHandler                       0x08000103   Thumb Code     0  startup_at32f425.o(.text)
    TMR2_GLOBAL_IRQHandler                   0x08000103   Thumb Code     0  startup_at32f425.o(.text)
    TMR6_GLOBAL_IRQHandler                   0x08000103   Thumb Code     0  startup_at32f425.o(.text)
    TMR7_GLOBAL_IRQHandler                   0x08000103   Thumb Code     0  startup_at32f425.o(.text)
    USART1_IRQHandler                        0x08000103   Thumb Code     0  startup_at32f425.o(.text)
    USART2_IRQHandler                        0x08000103   Thumb Code     0  startup_at32f425.o(.text)
    USART4_3_IRQHandler                      0x08000103   Thumb Code     0  startup_at32f425.o(.text)
    WWDT_IRQHandler                          0x08000103   Thumb Code     0  startup_at32f425.o(.text)
    __aeabi_uldivmod                         0x0800010d   Thumb Code    98  uldiv.o(.text)
    __aeabi_memcpy                           0x0800016f   Thumb Code    36  memcpya.o(.text)
    __aeabi_memcpy4                          0x0800016f   Thumb Code     0  memcpya.o(.text)
    __aeabi_memcpy8                          0x0800016f   Thumb Code     0  memcpya.o(.text)
    __aeabi_memset                           0x08000193   Thumb Code    14  memseta.o(.text)
    __aeabi_memset4                          0x08000193   Thumb Code     0  memseta.o(.text)
    __aeabi_memset8                          0x08000193   Thumb Code     0  memseta.o(.text)
    __aeabi_memclr                           0x080001a1   Thumb Code     4  memseta.o(.text)
    __aeabi_memclr4                          0x080001a1   Thumb Code     0  memseta.o(.text)
    __aeabi_memclr8                          0x080001a1   Thumb Code     0  memseta.o(.text)
    _memset$wrapper                          0x080001a5   Thumb Code    18  memseta.o(.text)
    __aeabi_fmul                             0x080001b7   Thumb Code   100  fmul.o(.text)
    __aeabi_fdiv                             0x0800021b   Thumb Code   124  fdiv.o(.text)
    __ARM_scalbnf                            0x08000297   Thumb Code    24  fscalb.o(.text)
    scalbnf                                  0x08000297   Thumb Code     0  fscalb.o(.text)
    __aeabi_ddiv                             0x080002af   Thumb Code   222  ddiv.o(.text)
    __aeabi_i2f                              0x0800038d   Thumb Code    18  fflti.o(.text)
    __aeabi_ui2f                             0x0800039f   Thumb Code    10  ffltui.o(.text)
    __aeabi_i2d                              0x080003a9   Thumb Code    34  dflti.o(.text)
    __aeabi_f2iz                             0x080003cb   Thumb Code    50  ffixi.o(.text)
    __aeabi_f2uiz                            0x080003fd   Thumb Code    40  ffixui.o(.text)
    __aeabi_d2iz                             0x08000425   Thumb Code    62  dfixi.o(.text)
    __aeabi_llsl                             0x08000463   Thumb Code    30  llshl.o(.text)
    _ll_shift_l                              0x08000463   Thumb Code     0  llshl.o(.text)
    __aeabi_llsr                             0x08000481   Thumb Code    32  llushr.o(.text)
    _ll_ushift_r                             0x08000481   Thumb Code     0  llushr.o(.text)
    __I$use$fp                               0x080004a1   Thumb Code     0  iusefp.o(.text)
    _float_round                             0x080004a1   Thumb Code    18  fepilogue.o(.text)
    _float_epilogue                          0x080004b3   Thumb Code    92  fepilogue.o(.text)
    _double_round                            0x0800050f   Thumb Code    30  depilogue.o(.text)
    _double_epilogue                         0x0800052d   Thumb Code   156  depilogue.o(.text)
    __scatterload                            0x080005c9   Thumb Code    28  init.o(.text)
    __scatterload_rt2                        0x080005c9   Thumb Code     0  init.o(.text)
    __decompress                             0x080005ed   Thumb Code     0  __dczerorl2.o(.text)
    __decompress1                            0x080005ed   Thumb Code    86  __dczerorl2.o(.text)
    At32UsbInit                              0x08000645   Thumb Code    54  at32_usb.o(i.At32UsbInit)
    At32UsbReceive                           0x0800068d   Thumb Code    60  at32_usb.o(i.At32UsbReceive)
    At32UsbSend                              0x080006d5   Thumb Code    86  at32_usb.o(i.At32UsbSend)
    BusFault_Handler                         0x08000731   Thumb Code     2  at32f425_int.o(i.BusFault_Handler)
    CN9122C1S96WriteBytes                    0x08000735   Thumb Code    74  digital_show.o(i.CN9122C1S96WriteBytes)
    DMA1_Channel7_4_IRQHandler               0x0800078d   Thumb Code    88  argb.o(i.DMA1_Channel7_4_IRQHandler)
    DebugMon_Handler                         0x080007ed   Thumb Code     2  at32f425_int.o(i.DebugMon_Handler)
    DigitalShowInit                          0x080007f1   Thumb Code   154  digital_show.o(i.DigitalShowInit)
    EventDispose                             0x080008b9   Thumb Code   262  at32_usb.o(i.EventDispose)
    FanDirectSwitchInit                      0x080009f9   Thumb Code    62  fan_pwm.o(i.FanDirectSwitchInit)
    FanPwmGpioInit                           0x08000a3d   Thumb Code    66  fan_pwm.o(i.FanPwmGpioInit)
    FanPwmInit                               0x08000a85   Thumb Code   104  fan_pwm.o(i.FanPwmInit)
    FanRpmGpioInit                           0x08000af9   Thumb Code    66  fan_rpm.o(i.FanRpmGpioInit)
    FanRpmInit                               0x08000b41   Thumb Code   118  fan_rpm.o(i.FanRpmInit)
    FramingData                              0x08000bc1   Thumb Code    98  at32_usb.o(i.FramingData)
    FreqHundredNumber                        0x08000c25   Thumb Code   190  digital_show.o(i.FreqHundredNumber)
    FreqThousandNumber                       0x08000ce9   Thumb Code   194  digital_show.o(i.FreqThousandNumber)
    GetFirmWareVersion                       0x08000db1   Thumb Code    56  update.o(i.GetFirmWareVersion)
    GpioA5Init                               0x08000de9   Thumb Code    52  cn9122c1s96.o(i.GpioA5Init)
    HardCN9122C1S96Init                      0x08000e21   Thumb Code   148  cn9122c1s96.o(i.HardCN9122C1S96Init)
    HardFault_Handler                        0x08000ebd   Thumb Code     2  at32f425_int.o(i.HardFault_Handler)
    HardIicGpioInit                          0x08000ec1   Thumb Code    24  iic.o(i.HardIicGpioInit)
    InitReverseTable                         0x08000ee1   Thumb Code    50  digital_show.o(i.InitReverseTable)
    MemManage_Handler                        0x08000f19   Thumb Code     2  at32f425_int.o(i.MemManage_Handler)
    ModeUpdate                               0x08000f1d   Thumb Code    44  digital_show.o(i.ModeUpdate)
    NMI_Handler                              0x08000f4d   Thumb Code     2  at32f425_int.o(i.NMI_Handler)
    NoIrqRpmSetToZero                        0x08000f51   Thumb Code    34  fan_rpm.o(i.NoIrqRpmSetToZero)
    NormalShow                               0x08000f7d   Thumb Code    24  digital_show.o(i.NormalShow)
    NormalShowInit                           0x08000f99   Thumb Code    72  digital_show.o(i.NormalShowInit)
    NormalShowNoAddZero                      0x08000fe5   Thumb Code   496  digital_show.o(i.NormalShowNoAddZero)
    OTGFS1_IRQHandler                        0x080011ed   Thumb Code    30  at32_usb.o(i.OTGFS1_IRQHandler)
    PacketDispose                            0x08001211   Thumb Code   146  at32_usb.o(i.PacketDispose)
    PendSV_Handler                           0x080012ad   Thumb Code     2  at32f425_int.o(i.PendSV_Handler)
    PowerHundredNumber                       0x080012b1   Thumb Code   202  digital_show.o(i.PowerHundredNumber)
    PowerOneNumber                           0x08001381   Thumb Code   194  digital_show.o(i.PowerOneNumber)
    PowerTenNumber                           0x08001449   Thumb Code   318  digital_show.o(i.PowerTenNumber)
    PwmDashboard                             0x0800158d   Thumb Code    86  fan_pwm.o(i.PwmDashboard)
    RefreshData                              0x080015e9   Thumb Code    38  digital_show.o(i.RefreshData)
    RefreshFanRpm                            0x08001615   Thumb Code    42  fan_rpm.o(i.RefreshFanRpm)
    RefreshShow                              0x0800164d   Thumb Code   120  digital_show.o(i.RefreshShow)
    RpmSendToHost                            0x080016c9   Thumb Code    82  fan_rpm.o(i.RpmSendToHost)
    SVC_Handler                              0x0800172d   Thumb Code     2  at32f425_int.o(i.SVC_Handler)
    ShowAllClear                             0x08001731   Thumb Code    18  digital_show.o(i.ShowAllClear)
    ShowAllSet                               0x08001749   Thumb Code    18  digital_show.o(i.ShowAllSet)
    SoftTimerActiveEvent                     0x08001761   Thumb Code    66  soft_timer.o(i.SoftTimerActiveEvent)
    SoftTimerDeleteEvent                     0x080017a9   Thumb Code    32  soft_timer.o(i.SoftTimerDeleteEvent)
    SoftTimerHandler                         0x080017cd   Thumb Code    52  soft_timer.o(i.SoftTimerHandler)
    SoftTimerISR                             0x08001805   Thumb Code    52  soft_timer.o(i.SoftTimerISR)
    SoftTimerInit                            0x0800183d   Thumb Code    34  soft_timer.o(i.SoftTimerInit)
    StartFlash                               0x08001865   Thumb Code    24  digital_show.o(i.StartFlash)
    StopFlash                                0x08001881   Thumb Code    32  digital_show.o(i.StopFlash)
    SysTick_Handler                          0x080018a5   Thumb Code     2  at32f425_int.o(i.SysTick_Handler)
    SystemInit                               0x080018a9   Thumb Code    72  system_at32f425.o(i.SystemInit)
    TMR1_BRK_OVF_TRG_HALL_IRQHandler         0x080018fd   Thumb Code    34  at32_timer.o(i.TMR1_BRK_OVF_TRG_HALL_IRQHandler)
    TMR3_GLOBAL_IRQHandler                   0x08001925   Thumb Code   122  fan_rpm.o(i.TMR3_GLOBAL_IRQHandler)
    TempDashboard                            0x080019a9   Thumb Code   138  digital_show.o(i.TempDashboard)
    TempDashboardAnticlockwise               0x08001a45   Thumb Code    60  digital_show.o(i.TempDashboardAnticlockwise)
    TempDashboardClockwise                   0x08001a89   Thumb Code    60  digital_show.o(i.TempDashboardClockwise)
    TempDashboardUpdate1                     0x08001acd   Thumb Code    32  digital_show.o(i.TempDashboardUpdate1)
    TempDashboardUpdate10                    0x08001af1   Thumb Code    32  digital_show.o(i.TempDashboardUpdate10)
    TempDashboardUpdate2                     0x08001b15   Thumb Code    32  digital_show.o(i.TempDashboardUpdate2)
    TempDashboardUpdate3                     0x08001b39   Thumb Code    32  digital_show.o(i.TempDashboardUpdate3)
    TempDashboardUpdate4                     0x08001b5d   Thumb Code    32  digital_show.o(i.TempDashboardUpdate4)
    TempDashboardUpdate5                     0x08001b81   Thumb Code    32  digital_show.o(i.TempDashboardUpdate5)
    TempDashboardUpdate6                     0x08001ba5   Thumb Code    32  digital_show.o(i.TempDashboardUpdate6)
    TempDashboardUpdate7                     0x08001bc9   Thumb Code    32  digital_show.o(i.TempDashboardUpdate7)
    TempDashboardUpdate8                     0x08001bed   Thumb Code    32  digital_show.o(i.TempDashboardUpdate8)
    TempDashboardUpdate9                     0x08001c11   Thumb Code    32  digital_show.o(i.TempDashboardUpdate9)
    TempHundredNumber                        0x08001c35   Thumb Code   134  digital_show.o(i.TempHundredNumber)
    TempOneNumber                            0x08001cc1   Thumb Code   128  digital_show.o(i.TempOneNumber)
    TempTenNumber                            0x08001d45   Thumb Code   190  digital_show.o(i.TempTenNumber)
    TimeIntervalDownSetting                  0x08001e09   Thumb Code    28  fan_pwm.o(i.TimeIntervalDownSetting)
    TimeIntervalUpSetting                    0x08001e31   Thumb Code    28  fan_pwm.o(i.TimeIntervalUpSetting)
    Timer1msInit                             0x08001e59   Thumb Code    80  at32_timer.o(i.Timer1msInit)
    UpdateFanPwm                             0x08001eb5   Thumb Code    10  fan_pwm.o(i.UpdateFanPwm)
    UsageFault_Handler                       0x08001ec5   Thumb Code     2  at32f425_int.o(i.UsageFault_Handler)
    UsageHundredNumber                       0x08001ec9   Thumb Code    28  digital_show.o(i.UsageHundredNumber)
    UsageOneNumber                           0x08001ee9   Thumb Code   248  digital_show.o(i.UsageOneNumber)
    UsageTenNumber                           0x08001fe5   Thumb Code   194  digital_show.o(i.UsageTenNumber)
    __scatterload_copy                       0x080020ad   Thumb Code    14  handlers.o(i.__scatterload_copy)
    __scatterload_null                       0x080020bb   Thumb Code     2  handlers.o(i.__scatterload_null)
    __scatterload_zeroinit                   0x080020bd   Thumb Code    14  handlers.o(i.__scatterload_zeroinit)
    acc_calibration_mode_enable              0x080020cd   Thumb Code    34  at32f425_acc.o(i.acc_calibration_mode_enable)
    acc_write_c1                             0x080020f5   Thumb Code     6  at32f425_acc.o(i.acc_write_c1)
    acc_write_c2                             0x08002101   Thumb Code     6  at32f425_acc.o(i.acc_write_c2)
    acc_write_c3                             0x0800210d   Thumb Code     6  at32f425_acc.o(i.acc_write_c3)
    crm_ahb_div_set                          0x080022b1   Thumb Code    12  at32f425_crm.o(i.crm_ahb_div_set)
    crm_apb1_div_set                         0x080022c1   Thumb Code    12  at32f425_crm.o(i.crm_apb1_div_set)
    crm_apb2_div_set                         0x080022d1   Thumb Code    12  at32f425_crm.o(i.crm_apb2_div_set)
    crm_clock_source_enable                  0x080022e1   Thumb Code    66  at32f425_crm.o(i.crm_clock_source_enable)
    crm_clocks_freq_get                      0x08002329   Thumb Code   256  at32f425_crm.o(i.crm_clocks_freq_get)
    crm_flag_get                             0x0800243d   Thumb Code    28  at32f425_crm.o(i.crm_flag_get)
    crm_hick_divider_select                  0x0800245d   Thumb Code    12  at32f425_crm.o(i.crm_hick_divider_select)
    crm_hick_sclk_frequency_select           0x0800246d   Thumb Code    22  at32f425_crm.o(i.crm_hick_sclk_frequency_select)
    crm_periph_clock_enable                  0x08002489   Thumb Code    36  at32f425_crm.o(i.crm_periph_clock_enable)
    crm_periph_reset                         0x080024b1   Thumb Code    36  at32f425_crm.o(i.crm_periph_reset)
    crm_pll_config                           0x080024d9   Thumb Code   168  at32f425_crm.o(i.crm_pll_config)
    crm_reset                                0x080025bd   Thumb Code    64  at32f425_crm.o(i.crm_reset)
    crm_sysclk_switch                        0x08002605   Thumb Code    12  at32f425_crm.o(i.crm_sysclk_switch)
    crm_sysclk_switch_status_get             0x08002615   Thumb Code    10  at32f425_crm.o(i.crm_sysclk_switch_status_get)
    crm_usb_clock_div_set                    0x08002625   Thumb Code    22  at32f425_crm.o(i.crm_usb_clock_div_set)
    crm_usb_clock_source_select              0x08002641   Thumb Code    24  at32f425_crm.o(i.crm_usb_clock_source_select)
    crm_usb_div_reset                        0x0800265d   Thumb Code    44  at32f425_crm.o(i.crm_usb_div_reset)
    delay_init                               0x0800268d   Thumb Code    34  delay.o(i.delay_init)
    delay_ms                                 0x080026bd   Thumb Code    74  delay.o(i.delay_ms)
    delay_us                                 0x0800270d   Thumb Code    46  delay.o(i.delay_us)
    dma_channel_enable                       0x08002741   Thumb Code    10  at32f425_dma.o(i.dma_channel_enable)
    dma_flag_clear                           0x0800274d   Thumb Code     6  at32f425_dma.o(i.dma_flag_clear)
    dma_flag_get                             0x08002759   Thumb Code    16  at32f425_dma.o(i.dma_flag_get)
    exint_flag_clear                         0x0800276d   Thumb Code     6  at32f425_exint.o(i.exint_flag_clear)
    exint_flag_get                           0x08002779   Thumb Code    18  at32f425_exint.o(i.exint_flag_get)
    gpio_bits_reset                          0x080028ad   Thumb Code     4  at32f425_gpio.o(i.gpio_bits_reset)
    gpio_bits_set                            0x080028b1   Thumb Code     4  at32f425_gpio.o(i.gpio_bits_set)
    gpio_default_para_init                   0x080028b5   Thumb Code    20  at32f425_gpio.o(i.gpio_default_para_init)
    gpio_init                                0x080028c9   Thumb Code   100  at32f425_gpio.o(i.gpio_init)
    gpio_pin_mux_config                      0x0800292d   Thumb Code    48  at32f425_gpio.o(i.gpio_pin_mux_config)
    i2c_config                               0x0800295d   Thumb Code    28  i2c_application.o(i.i2c_config)
    i2c_data_send                            0x08002979   Thumb Code     4  at32f425_i2c.o(i.i2c_data_send)
    i2c_enable                               0x0800297d   Thumb Code    10  at32f425_i2c.o(i.i2c_enable)
    i2c_flag_clear                           0x08002987   Thumb Code     4  at32f425_i2c.o(i.i2c_flag_clear)
    i2c_flag_get                             0x0800298b   Thumb Code    14  at32f425_i2c.o(i.i2c_flag_get)
    i2c_init                                 0x08002999   Thumb Code    20  at32f425_i2c.o(i.i2c_init)
    i2c_lowlevel_init                        0x080029ad   Thumb Code   124  iic.o(i.i2c_lowlevel_init)
    i2c_master_transmit                      0x08002a39   Thumb Code   172  i2c_application.o(i.i2c_master_transmit)
    i2c_own_address1_set                     0x08002ae5   Thumb Code    26  at32f425_i2c.o(i.i2c_own_address1_set)
    i2c_reset                                0x08002b01   Thumb Code    60  at32f425_i2c.o(i.i2c_reset)
    i2c_reset_ctrl2_register                 0x08002b45   Thumb Code    52  i2c_application.o(i.i2c_reset_ctrl2_register)
    i2c_start_transfer                       0x08002b79   Thumb Code    54  i2c_application.o(i.i2c_start_transfer)
    i2c_transmit_set                         0x08002bb1   Thumb Code    24  at32f425_i2c.o(i.i2c_transmit_set)
    i2c_wait_flag                            0x08002bcd   Thumb Code   140  i2c_application.o(i.i2c_wait_flag)
    main                                     0x08002c59   Thumb Code    92  main.o(i.main)
    nvic_irq_disable                         0x08002cc1   Thumb Code    34  at32f425_misc.o(i.nvic_irq_disable)
    nvic_irq_enable                          0x08002ce5   Thumb Code   116  at32f425_misc.o(i.nvic_irq_enable)
    nvic_priority_group_config               0x08002d5d   Thumb Code    26  at32f425_misc.o(i.nvic_priority_group_config)
    system_clock_config                      0x08002d81   Thumb Code   110  at32f425_clock.o(i.system_clock_config)
    system_core_clock_update                 0x08002df5   Thumb Code   194  system_at32f425.o(i.system_core_clock_update)
    systick_clock_source_config              0x08002ed1   Thumb Code    28  at32f425_misc.o(i.systick_clock_source_config)
    tmr_base_init                            0x08002eed   Thumb Code    14  at32f425_tmr.o(i.tmr_base_init)
    tmr_channel_value_get                    0x08002efb   Thumb Code    36  at32f425_tmr.o(i.tmr_channel_value_get)
    tmr_channel_value_set                    0x08002f1f   Thumb Code    32  at32f425_tmr.o(i.tmr_channel_value_set)
    tmr_clock_source_div_set                 0x08002f3f   Thumb Code    10  at32f425_tmr.o(i.tmr_clock_source_div_set)
    tmr_cnt_dir_set                          0x08002f49   Thumb Code    10  at32f425_tmr.o(i.tmr_cnt_dir_set)
    tmr_counter_enable                       0x08002f53   Thumb Code    10  at32f425_tmr.o(i.tmr_counter_enable)
    tmr_flag_clear                           0x08002f5d   Thumb Code     6  at32f425_tmr.o(i.tmr_flag_clear)
    tmr_flag_get                             0x08002f63   Thumb Code    14  at32f425_tmr.o(i.tmr_flag_get)
    tmr_input_channel_init                   0x08002f71   Thumb Code   280  at32f425_tmr.o(i.tmr_input_channel_init)
    tmr_interrupt_enable                     0x08003089   Thumb Code    24  at32f425_tmr.o(i.tmr_interrupt_enable)
    tmr_output_channel_buffer_enable         0x080030a1   Thumb Code    56  at32f425_tmr.o(i.tmr_output_channel_buffer_enable)
    tmr_output_channel_config                0x080030d9   Thumb Code   214  at32f425_tmr.o(i.tmr_output_channel_config)
    tmr_output_default_para_init             0x080031af   Thumb Code    18  at32f425_tmr.o(i.tmr_output_default_para_init)
    tmr_period_buffer_enable                 0x080031c1   Thumb Code    10  at32f425_tmr.o(i.tmr_period_buffer_enable)
    usb_clock48m_select                      0x080031cd   Thumb Code   112  at32_usb.o(i.usb_clock48m_select)
    usb_connect                              0x08003249   Thumb Code    14  at32f425_usb.o(i.usb_connect)
    usb_core_config                          0x08003257   Thumb Code    52  usb_core.o(i.usb_core_config)
    usb_disconnect                           0x0800328b   Thumb Code    14  at32f425_usb.o(i.usb_disconnect)
    usb_ept0_setup                           0x08003299   Thumb Code    26  at32f425_usb.o(i.usb_ept0_setup)
    usb_ept0_start                           0x080032b3   Thumb Code    38  at32f425_usb.o(i.usb_ept0_start)
    usb_ept_clear_stall                      0x080032d9   Thumb Code    96  at32f425_usb.o(i.usb_ept_clear_stall)
    usb_ept_close                            0x08003339   Thumb Code    76  at32f425_usb.o(i.usb_ept_close)
    usb_ept_default_init                     0x08003385   Thumb Code    80  usbd_core.o(i.usb_ept_default_init)
    usb_ept_in_clear                         0x080033d5   Thumb Code    10  at32f425_usb.o(i.usb_ept_in_clear)
    usb_ept_in_interrupt                     0x080033df   Thumb Code    30  at32f425_usb.o(i.usb_ept_in_interrupt)
    usb_ept_open                             0x080033fd   Thumb Code   284  at32f425_usb.o(i.usb_ept_open)
    usb_ept_out_clear                        0x08003519   Thumb Code    10  at32f425_usb.o(i.usb_ept_out_clear)
    usb_ept_out_interrupt                    0x08003523   Thumb Code    16  at32f425_usb.o(i.usb_ept_out_interrupt)
    usb_ept_stall                            0x08003533   Thumb Code    92  at32f425_usb.o(i.usb_ept_stall)
    usb_flush_rx_fifo                        0x08003591   Thumb Code    30  at32f425_usb.o(i.usb_flush_rx_fifo)
    usb_flush_tx_fifo                        0x080035b5   Thumb Code    38  at32f425_usb.o(i.usb_flush_tx_fifo)
    usb_get_all_in_interrupt                 0x080035e1   Thumb Code    14  at32f425_usb.o(i.usb_get_all_in_interrupt)
    usb_get_all_out_interrupt                0x080035ef   Thumb Code    14  at32f425_usb.o(i.usb_get_all_out_interrupt)
    usb_global_clear_interrupt               0x080035fd   Thumb Code     4  at32f425_usb.o(i.usb_global_clear_interrupt)
    usb_global_get_all_interrupt             0x08003601   Thumb Code     8  at32f425_usb.o(i.usb_global_get_all_interrupt)
    usb_global_init                          0x08003609   Thumb Code    20  at32f425_usb.o(i.usb_global_init)
    usb_global_interrupt_enable              0x0800361d   Thumb Code    20  at32f425_usb.o(i.usb_global_interrupt_enable)
    usb_global_reset                         0x08003631   Thumb Code    50  at32f425_usb.o(i.usb_global_reset)
    usb_global_select_core                   0x08003669   Thumb Code     6  at32f425_usb.o(i.usb_global_select_core)
    usb_global_set_mode                      0x0800366f   Thumb Code    62  at32f425_usb.o(i.usb_global_set_mode)
    usb_gpio_config                          0x080036ad   Thumb Code    18  at32_usb.o(i.usb_gpio_config)
    usb_interrupt_disable                    0x080036fd   Thumb Code    10  at32f425_usb.o(i.usb_interrupt_disable)
    usb_interrupt_enable                     0x08003707   Thumb Code    10  at32f425_usb.o(i.usb_interrupt_enable)
    usb_open_phy_clk                         0x08003711   Thumb Code    14  at32f425_usb.o(i.usb_open_phy_clk)
    usb_read_packet                          0x0800371f   Thumb Code    26  at32f425_usb.o(i.usb_read_packet)
    usb_set_address                          0x08003739   Thumb Code    14  at32f425_usb.o(i.usb_set_address)
    usb_set_rx_fifo                          0x08003747   Thumb Code     4  at32f425_usb.o(i.usb_set_rx_fifo)
    usb_set_tx_fifo                          0x0800374b   Thumb Code    62  at32f425_usb.o(i.usb_set_tx_fifo)
    usb_stop_phy_clk                         0x08003789   Thumb Code    14  at32f425_usb.o(i.usb_stop_phy_clk)
    usb_suspend_status_get                   0x08003797   Thumb Code    10  at32f425_usb.o(i.usb_suspend_status_get)
    usb_write_empty_txfifo                   0x080037a1   Thumb Code   132  usbd_int.o(i.usb_write_empty_txfifo)
    usb_write_packet                         0x08003825   Thumb Code    30  at32f425_usb.o(i.usb_write_packet)
    usbd_clear_stall                         0x0800388b   Thumb Code    46  usbd_core.o(i.usbd_clear_stall)
    usbd_connect                             0x080038b9   Thumb Code     6  usbd_core.o(i.usbd_connect)
    usbd_connect_state_get                   0x080038bf   Thumb Code     6  usbd_core.o(i.usbd_connect_state_get)
    usbd_core_in_handler                     0x080038c5   Thumb Code   176  usbd_core.o(i.usbd_core_in_handler)
    usbd_core_init                           0x08003975   Thumb Code   266  usbd_core.o(i.usbd_core_init)
    usbd_core_out_handler                    0x08003a85   Thumb Code   116  usbd_core.o(i.usbd_core_out_handler)
    usbd_core_setup_handler                  0x08003af9   Thumb Code    80  usbd_core.o(i.usbd_core_setup_handler)
    usbd_ctrl_recv                           0x08003b49   Thumb Code    24  usbd_core.o(i.usbd_ctrl_recv)
    usbd_ctrl_recv_status                    0x08003b61   Thumb Code    16  usbd_core.o(i.usbd_ctrl_recv_status)
    usbd_ctrl_send                           0x08003b71   Thumb Code    24  usbd_core.o(i.usbd_ctrl_send)
    usbd_ctrl_send_status                    0x08003b89   Thumb Code    16  usbd_core.o(i.usbd_ctrl_send_status)
    usbd_ctrl_unsupport                      0x08003b99   Thumb Code    24  usbd_core.o(i.usbd_ctrl_unsupport)
    usbd_device_request                      0x08003bb1   Thumb Code    98  usbd_sdr.o(i.usbd_device_request)
    usbd_disconnect                          0x08003c13   Thumb Code     6  usbd_core.o(i.usbd_disconnect)
    usbd_endpoint_request                    0x08003c19   Thumb Code   312  usbd_sdr.o(i.usbd_endpoint_request)
    usbd_enter_suspend                       0x08003d51   Thumb Code    26  usbd_core.o(i.usbd_enter_suspend)
    usbd_enumdone_handler                    0x08003d6b   Thumb Code    72  usbd_int.o(i.usbd_enumdone_handler)
    usbd_ept_close                           0x08003db3   Thumb Code    34  usbd_core.o(i.usbd_ept_close)
    usbd_ept_open                            0x08003dd5   Thumb Code    52  usbd_core.o(i.usbd_ept_open)
    usbd_ept_recv                            0x08003e09   Thumb Code   164  usbd_core.o(i.usbd_ept_recv)
    usbd_ept_send                            0x08003ead   Thumb Code   246  usbd_core.o(i.usbd_ept_send)
    usbd_fifo_alloc                          0x08003fa3   Thumb Code   104  usbd_core.o(i.usbd_fifo_alloc)
    usbd_get_recv_len                        0x08004117   Thumb Code    22  usbd_core.o(i.usbd_get_recv_len)
    usbd_incomisioin_handler                 0x08004163   Thumb Code    14  usbd_int.o(i.usbd_incomisioin_handler)
    usbd_incomisoout_handler                 0x08004171   Thumb Code    14  usbd_int.o(i.usbd_incomisoout_handler)
    usbd_inept_handler                       0x0800417f   Thumb Code   152  usbd_int.o(i.usbd_inept_handler)
    usbd_init                                0x08004217   Thumb Code    84  usb_core.o(i.usbd_init)
    usbd_interface_request                   0x080042a5   Thumb Code    52  usbd_sdr.o(i.usbd_interface_request)
    usbd_irq_handler                         0x080042d9   Thumb Code   206  usbd_int.o(i.usbd_irq_handler)
    usbd_outept_handler                      0x080043a7   Thumb Code   132  usbd_int.o(i.usbd_outept_handler)
    usbd_reset_handler                       0x0800442b   Thumb Code   158  usbd_int.o(i.usbd_reset_handler)
    usbd_rxflvl_handler                      0x080044c9   Thumb Code   116  usbd_int.o(i.usbd_rxflvl_handler)
    usbd_set_stall                           0x08004657   Thumb Code    46  usbd_core.o(i.usbd_set_stall)
    usbd_setup_request_parse                 0x08004685   Thumb Code    40  usbd_sdr.o(i.usbd_setup_request_parse)
    usbd_sof_handler                         0x080046ad   Thumb Code    12  usbd_int.o(i.usbd_sof_handler)
    usbd_suspend_handler                     0x080046b9   Thumb Code    54  usbd_int.o(i.usbd_suspend_handler)
    usbd_wakeup_handler                      0x08004721   Thumb Code    50  usbd_int.o(i.usbd_wakeup_handler)
    Region$$Table$$Base                      0x0800478c   Number         0  anon$$obj.o(Region$$Table)
    Region$$Table$$Limit                     0x080047ac   Number         0  anon$$obj.o(Region$$Table)
    system_core_clock                        0x20000000   Data           4  system_at32f425.o(.data)
    g_usb_receive_flag                       0x2000000c   Data           1  at32_usb.o(.data)
    g_cur_show_mode                          0x20000010   Data           1  digital_show.o(.data)
    g_switch                                 0x20000011   Data           1  digital_show.o(.data)
    g_to_standby_mode_count                  0x20000012   Data           1  digital_show.o(.data)
    g_normal_show_add_zero_flag              0x20000013   Data           1  digital_show.o(.data)
    g_usage_value                            0x20000014   Data           1  digital_show.o(.data)
    g_starttup_show_flag                     0x20000015   Data           1  digital_show.o(.data)
    g_temp_dashboard_cur_index               0x20000016   Data           1  digital_show.o(.data)
    g_thermometer_flash_switch               0x20000017   Data           1  digital_show.o(.data)
    g_temp_type                              0x20000018   Data           1  digital_show.o(.data)
    g_power_value                            0x2000001a   Data           2  digital_show.o(.data)
    g_freq_value                             0x2000001c   Data           2  digital_show.o(.data)
    g_temp_value                             0x20000020   Data           4  digital_show.o(.data)
    g_target_temp_value                      0x20000024   Data           4  digital_show.o(.data)
    g_last_temp_value                        0x20000028   Data           4  digital_show.o(.data)
    g_animation_finish_flag                  0x2000002c   Data           1  digital_show.o(.data)
    g_pwm_finish_flag                        0x20000030   Data           1  fan_pwm.o(.data)
    g_pwm_dashboard_time_interval_down       0x20000032   Data           2  fan_pwm.o(.data)
    g_pwm_dashboard_time_interval_up         0x20000034   Data           2  fan_pwm.o(.data)
    g_cur_pwm_value                          0x20000038   Data           4  fan_pwm.o(.data)
    g_target_pwm_value                       0x2000003c   Data           4  fan_pwm.o(.data)
    tmr_oc_init_structure                    0x20000040   Data           7  fan_pwm.o(.data)
    init_data1                               0x20000047   Data           1  cn9122c1s96.o(.data)
    init_data2                               0x20000048   Data           1  cn9122c1s96.o(.data)
    init_data3                               0x20000049   Data           1  cn9122c1s96.o(.data)
    init_data4                               0x2000004a   Data           1  cn9122c1s96.o(.data)
    init_data5                               0x2000004b   Data           1  cn9122c1s96.o(.data)
    init_data6                               0x2000004c   Data           1  cn9122c1s96.o(.data)
    init_data7                               0x2000004d   Data           1  cn9122c1s96.o(.data)
    g_enter_irq_flag                         0x20000050   Data           1  fan_rpm.o(.data)
    capturenumber                            0x20000052   Data           2  fan_rpm.o(.data)
    ic3readvalue1                            0x20000054   Data           2  fan_rpm.o(.data)
    ic3readvalue2                            0x20000056   Data           2  fan_rpm.o(.data)
    capture                                  0x20000058   Data           4  fan_rpm.o(.data)
    g_fan_rpm_one_period_time                0x2000005c   Data           4  fan_rpm.o(.data)
    custom_hid_class_handler                 0x20000060   Data          40  custom_hid_class.o(.data)
    custom_hid_desc_handler                  0x20000088   Data          40  custom_hid_desc.o(.data)
    g_usbd_custom_hid_report                 0x200000f0   Data         126  custom_hid_desc.o(.data)
    g_custom_hid_usb_desc                    0x20000170   Data           9  custom_hid_desc.o(.data)
    g_usb_packet                             0x200001c4   Data          65  at32_usb.o(.bss)
    otg_core_struct                          0x20000208   Data         772  at32_usb.o(.bss)
    g_soft_timer_events                      0x2000050c   Data         576  soft_timer.o(.bss)
    crm_clocks_freq_struct                   0x2000074c   Data          20  at32_timer.o(.bss)
    g_temp_dashboard_node                    0x20000760   Data          80  digital_show.o(.bss)
    g_reverse_table                          0x200007b0   Data         256  digital_show.o(.bss)
    hi2cx                                    0x200008b0   Data          52  iic.o(.bss)
    g_sign_data                              0x200008e4   Data          12  cn9122c1s96.o(.bss)
    custom_hid_struct                        0x200008f0   Data         272  custom_hid_class.o(.bss)
    __initial_sp                             0x20000f00   Data           0  startup_at32f425.o(STACK)



==============================================================================

Memory Map of the image

  Image Entry point : 0x080000d1

  Load Region LR_IROM1 (Base: 0x08000000, Size: 0x00004970, Max: 0x00010000, ABSOLUTE, COMPRESSED[0x000048bc])

    Execution Region ER_IROM1 (Exec base: 0x08000000, Load base: 0x08000000, Size: 0x000047ac, Max: 0x00010000, ABSOLUTE)

    Exec Addr    Load Addr    Size         Type   Attr      Idx    E Section Name        Object

    0x08000000   0x08000000   0x000000d0   Data   RO            3    RESET               startup_at32f425.o
    0x080000d0   0x080000d0   0x00000000   Code   RO         5398  * .ARM.Collect$$$$00000000  mc_w.l(entry.o)
    0x080000d0   0x080000d0   0x00000004   Code   RO         5429    .ARM.Collect$$$$00000001  mc_w.l(entry2.o)
    0x080000d4   0x080000d4   0x00000004   Code   RO         5432    .ARM.Collect$$$$00000004  mc_w.l(entry5.o)
    0x080000d8   0x080000d8   0x00000000   Code   RO         5434    .ARM.Collect$$$$00000008  mc_w.l(entry7b.o)
    0x080000d8   0x080000d8   0x00000000   Code   RO         5436    .ARM.Collect$$$$0000000A  mc_w.l(entry8b.o)
    0x080000d8   0x080000d8   0x00000008   Code   RO         5437    .ARM.Collect$$$$0000000B  mc_w.l(entry9a.o)
    0x080000e0   0x080000e0   0x00000004   Code   RO         5444    .ARM.Collect$$$$0000000E  mc_w.l(entry12b.o)
    0x080000e4   0x080000e4   0x00000000   Code   RO         5439    .ARM.Collect$$$$0000000F  mc_w.l(entry10a.o)
    0x080000e4   0x080000e4   0x00000000   Code   RO         5441    .ARM.Collect$$$$00000011  mc_w.l(entry11a.o)
    0x080000e4   0x080000e4   0x00000004   Code   RO         5430    .ARM.Collect$$$$00002712  mc_w.l(entry2.o)
    0x080000e8   0x080000e8   0x00000024   Code   RO            4    .text               startup_at32f425.o
    0x0800010c   0x0800010c   0x00000062   Code   RO         5401    .text               mc_w.l(uldiv.o)
    0x0800016e   0x0800016e   0x00000024   Code   RO         5403    .text               mc_w.l(memcpya.o)
    0x08000192   0x08000192   0x00000024   Code   RO         5405    .text               mc_w.l(memseta.o)
    0x080001b6   0x080001b6   0x00000064   Code   RO         5409    .text               mf_w.l(fmul.o)
    0x0800021a   0x0800021a   0x0000007c   Code   RO         5411    .text               mf_w.l(fdiv.o)
    0x08000296   0x08000296   0x00000018   Code   RO         5413    .text               mf_w.l(fscalb.o)
    0x080002ae   0x080002ae   0x000000de   Code   RO         5415    .text               mf_w.l(ddiv.o)
    0x0800038c   0x0800038c   0x00000012   Code   RO         5417    .text               mf_w.l(fflti.o)
    0x0800039e   0x0800039e   0x0000000a   Code   RO         5419    .text               mf_w.l(ffltui.o)
    0x080003a8   0x080003a8   0x00000022   Code   RO         5421    .text               mf_w.l(dflti.o)
    0x080003ca   0x080003ca   0x00000032   Code   RO         5423    .text               mf_w.l(ffixi.o)
    0x080003fc   0x080003fc   0x00000028   Code   RO         5425    .text               mf_w.l(ffixui.o)
    0x08000424   0x08000424   0x0000003e   Code   RO         5427    .text               mf_w.l(dfixi.o)
    0x08000462   0x08000462   0x0000001e   Code   RO         5445    .text               mc_w.l(llshl.o)
    0x08000480   0x08000480   0x00000020   Code   RO         5447    .text               mc_w.l(llushr.o)
    0x080004a0   0x080004a0   0x00000000   Code   RO         5449    .text               mc_w.l(iusefp.o)
    0x080004a0   0x080004a0   0x0000006e   Code   RO         5450    .text               mf_w.l(fepilogue.o)
    0x0800050e   0x0800050e   0x000000ba   Code   RO         5452    .text               mf_w.l(depilogue.o)
    0x080005c8   0x080005c8   0x00000024   Code   RO         5454    .text               mc_w.l(init.o)
    0x080005ec   0x080005ec   0x00000056   Code   RO         5464    .text               mc_w.l(__dczerorl2.o)
    0x08000642   0x08000642   0x00000002   PAD
    0x08000644   0x08000644   0x00000048   Code   RO         3628    i.At32UsbInit       at32_usb.o
    0x0800068c   0x0800068c   0x00000048   Code   RO         3629    i.At32UsbReceive    at32_usb.o
    0x080006d4   0x080006d4   0x0000005c   Code   RO         3630    i.At32UsbSend       at32_usb.o
    0x08000730   0x08000730   0x00000002   Code   RO         3401    i.BusFault_Handler  at32f425_int.o
    0x08000732   0x08000732   0x00000002   PAD
    0x08000734   0x08000734   0x00000058   Code   RO         3819    i.CN9122C1S96WriteBytes  digital_show.o
    0x0800078c   0x0800078c   0x00000060   Code   RO         4144    i.DMA1_Channel7_4_IRQHandler  argb.o
    0x080007ec   0x080007ec   0x00000002   Code   RO         3402    i.DebugMon_Handler  at32f425_int.o
    0x080007ee   0x080007ee   0x00000002   PAD
    0x080007f0   0x080007f0   0x000000c8   Code   RO         3820    i.DigitalShowInit   digital_show.o
    0x080008b8   0x080008b8   0x00000140   Code   RO         3631    i.EventDispose      at32_usb.o
    0x080009f8   0x080009f8   0x00000044   Code   RO         4242    i.FanDirectSwitchInit  fan_pwm.o
    0x08000a3c   0x08000a3c   0x00000048   Code   RO         4243    i.FanPwmGpioInit    fan_pwm.o
    0x08000a84   0x08000a84   0x00000074   Code   RO         4244    i.FanPwmInit        fan_pwm.o
    0x08000af8   0x08000af8   0x00000048   Code   RO         4764    i.FanRpmGpioInit    fan_rpm.o
    0x08000b40   0x08000b40   0x00000080   Code   RO         4765    i.FanRpmInit        fan_rpm.o
    0x08000bc0   0x08000bc0   0x00000062   Code   RO         3632    i.FramingData       at32_usb.o
    0x08000c22   0x08000c22   0x00000002   PAD
    0x08000c24   0x08000c24   0x000000c4   Code   RO         3821    i.FreqHundredNumber  digital_show.o
    0x08000ce8   0x08000ce8   0x000000c8   Code   RO         3822    i.FreqThousandNumber  digital_show.o
    0x08000db0   0x08000db0   0x00000038   Code   RO         4114    i.GetFirmWareVersion  update.o
    0x08000de8   0x08000de8   0x00000038   Code   RO         4440    i.GpioA5Init        cn9122c1s96.o
    0x08000e20   0x08000e20   0x0000009c   Code   RO         4441    i.HardCN9122C1S96Init  cn9122c1s96.o
    0x08000ebc   0x08000ebc   0x00000002   Code   RO         3403    i.HardFault_Handler  at32f425_int.o
    0x08000ebe   0x08000ebe   0x00000002   PAD
    0x08000ec0   0x08000ec0   0x00000020   Code   RO         4312    i.HardIicGpioInit   iic.o
    0x08000ee0   0x08000ee0   0x00000038   Code   RO         3823    i.InitReverseTable  digital_show.o
    0x08000f18   0x08000f18   0x00000002   Code   RO         3404    i.MemManage_Handler  at32f425_int.o
    0x08000f1a   0x08000f1a   0x00000002   PAD
    0x08000f1c   0x08000f1c   0x00000030   Code   RO         3824    i.ModeUpdate        digital_show.o
    0x08000f4c   0x08000f4c   0x00000002   Code   RO         3405    i.NMI_Handler       at32f425_int.o
    0x08000f4e   0x08000f4e   0x00000002   PAD
    0x08000f50   0x08000f50   0x0000002c   Code   RO         4766    i.NoIrqRpmSetToZero  fan_rpm.o
    0x08000f7c   0x08000f7c   0x0000001c   Code   RO         3825    i.NormalShow        digital_show.o
    0x08000f98   0x08000f98   0x0000004c   Code   RO         3826    i.NormalShowInit    digital_show.o
    0x08000fe4   0x08000fe4   0x00000208   Code   RO         3827    i.NormalShowNoAddZero  digital_show.o
    0x080011ec   0x080011ec   0x00000024   Code   RO         3633    i.OTGFS1_IRQHandler  at32_usb.o
    0x08001210   0x08001210   0x0000009c   Code   RO         3634    i.PacketDispose     at32_usb.o
    0x080012ac   0x080012ac   0x00000002   Code   RO         3406    i.PendSV_Handler    at32f425_int.o
    0x080012ae   0x080012ae   0x00000002   PAD
    0x080012b0   0x080012b0   0x000000d0   Code   RO         3828    i.PowerHundredNumber  digital_show.o
    0x08001380   0x08001380   0x000000c8   Code   RO         3829    i.PowerOneNumber    digital_show.o
    0x08001448   0x08001448   0x00000144   Code   RO         3830    i.PowerTenNumber    digital_show.o
    0x0800158c   0x0800158c   0x0000005c   Code   RO         4245    i.PwmDashboard      fan_pwm.o
    0x080015e8   0x080015e8   0x0000002c   Code   RO         3831    i.RefreshData       digital_show.o
    0x08001614   0x08001614   0x00000038   Code   RO         4767    i.RefreshFanRpm     fan_rpm.o
    0x0800164c   0x0800164c   0x0000007c   Code   RO         3832    i.RefreshShow       digital_show.o
    0x080016c8   0x080016c8   0x00000064   Code   RO         4768    i.RpmSendToHost     fan_rpm.o
    0x0800172c   0x0800172c   0x00000002   Code   RO         3407    i.SVC_Handler       at32f425_int.o
    0x0800172e   0x0800172e   0x00000002   PAD
    0x08001730   0x08001730   0x00000018   Code   RO         3833    i.ShowAllClear      digital_show.o
    0x08001748   0x08001748   0x00000018   Code   RO         3834    i.ShowAllSet        digital_show.o
    0x08001760   0x08001760   0x00000048   Code   RO         3709    i.SoftTimerActiveEvent  soft_timer.o
    0x080017a8   0x080017a8   0x00000024   Code   RO         3710    i.SoftTimerDeleteEvent  soft_timer.o
    0x080017cc   0x080017cc   0x00000038   Code   RO         3711    i.SoftTimerHandler  soft_timer.o
    0x08001804   0x08001804   0x00000038   Code   RO         3712    i.SoftTimerISR      soft_timer.o
    0x0800183c   0x0800183c   0x00000028   Code   RO         3713    i.SoftTimerInit     soft_timer.o
    0x08001864   0x08001864   0x0000001c   Code   RO         3835    i.StartFlash        digital_show.o
    0x08001880   0x08001880   0x00000024   Code   RO         3837    i.StopFlash         digital_show.o
    0x080018a4   0x080018a4   0x00000002   Code   RO         3408    i.SysTick_Handler   at32f425_int.o
    0x080018a6   0x080018a6   0x00000002   PAD
    0x080018a8   0x080018a8   0x00000054   Code   RO           13    i.SystemInit        system_at32f425.o
    0x080018fc   0x080018fc   0x00000028   Code   RO         3782    i.TMR1_BRK_OVF_TRG_HALL_IRQHandler  at32_timer.o
    0x08001924   0x08001924   0x00000084   Code   RO         4769    i.TMR3_GLOBAL_IRQHandler  fan_rpm.o
    0x080019a8   0x080019a8   0x0000009c   Code   RO         3838    i.TempDashboard     digital_show.o
    0x08001a44   0x08001a44   0x00000044   Code   RO         3839    i.TempDashboardAnticlockwise  digital_show.o
    0x08001a88   0x08001a88   0x00000044   Code   RO         3840    i.TempDashboardClockwise  digital_show.o
    0x08001acc   0x08001acc   0x00000024   Code   RO         3842    i.TempDashboardUpdate1  digital_show.o
    0x08001af0   0x08001af0   0x00000024   Code   RO         3843    i.TempDashboardUpdate10  digital_show.o
    0x08001b14   0x08001b14   0x00000024   Code   RO         3844    i.TempDashboardUpdate2  digital_show.o
    0x08001b38   0x08001b38   0x00000024   Code   RO         3845    i.TempDashboardUpdate3  digital_show.o
    0x08001b5c   0x08001b5c   0x00000024   Code   RO         3846    i.TempDashboardUpdate4  digital_show.o
    0x08001b80   0x08001b80   0x00000024   Code   RO         3847    i.TempDashboardUpdate5  digital_show.o
    0x08001ba4   0x08001ba4   0x00000024   Code   RO         3848    i.TempDashboardUpdate6  digital_show.o
    0x08001bc8   0x08001bc8   0x00000024   Code   RO         3849    i.TempDashboardUpdate7  digital_show.o
    0x08001bec   0x08001bec   0x00000024   Code   RO         3850    i.TempDashboardUpdate8  digital_show.o
    0x08001c10   0x08001c10   0x00000024   Code   RO         3851    i.TempDashboardUpdate9  digital_show.o
    0x08001c34   0x08001c34   0x0000008c   Code   RO         3852    i.TempHundredNumber  digital_show.o
    0x08001cc0   0x08001cc0   0x00000084   Code   RO         3853    i.TempOneNumber     digital_show.o
    0x08001d44   0x08001d44   0x000000c4   Code   RO         3854    i.TempTenNumber     digital_show.o
    0x08001e08   0x08001e08   0x00000028   Code   RO         4246    i.TimeIntervalDownSetting  fan_pwm.o
    0x08001e30   0x08001e30   0x00000028   Code   RO         4247    i.TimeIntervalUpSetting  fan_pwm.o
    0x08001e58   0x08001e58   0x0000005c   Code   RO         3783    i.Timer1msInit      at32_timer.o
    0x08001eb4   0x08001eb4   0x00000010   Code   RO         4248    i.UpdateFanPwm      fan_pwm.o
    0x08001ec4   0x08001ec4   0x00000002   Code   RO         3409    i.UsageFault_Handler  at32f425_int.o
    0x08001ec6   0x08001ec6   0x00000002   PAD
    0x08001ec8   0x08001ec8   0x00000020   Code   RO         3855    i.UsageHundredNumber  digital_show.o
    0x08001ee8   0x08001ee8   0x000000fc   Code   RO         3856    i.UsageOneNumber    digital_show.o
    0x08001fe4   0x08001fe4   0x000000c8   Code   RO         3857    i.UsageTenNumber    digital_show.o
    0x080020ac   0x080020ac   0x0000000e   Code   RO         5458    i.__scatterload_copy  mc_w.l(handlers.o)
    0x080020ba   0x080020ba   0x00000002   Code   RO         5459    i.__scatterload_null  mc_w.l(handlers.o)
    0x080020bc   0x080020bc   0x0000000e   Code   RO         5460    i.__scatterload_zeroinit  mc_w.l(handlers.o)
    0x080020ca   0x080020ca   0x00000002   PAD
    0x080020cc   0x080020cc   0x00000028   Code   RO          142    i.acc_calibration_mode_enable  at32f425_acc.o
    0x080020f4   0x080020f4   0x0000000c   Code   RO          152    i.acc_write_c1      at32f425_acc.o
    0x08002100   0x08002100   0x0000000c   Code   RO          153    i.acc_write_c2      at32f425_acc.o
    0x0800210c   0x0800210c   0x0000000c   Code   RO          154    i.acc_write_c3      at32f425_acc.o
    0x08002118   0x08002118   0x0000001a   Code   RO         4825    i.class_clear_handler  custom_hid_class.o
    0x08002132   0x08002132   0x00000030   Code   RO         4826    i.class_ept0_rx_handler  custom_hid_class.o
    0x08002162   0x08002162   0x00000004   Code   RO         4827    i.class_ept0_tx_handler  custom_hid_class.o
    0x08002166   0x08002166   0x00000004   Code   RO         4828    i.class_event_handler  custom_hid_class.o
    0x0800216a   0x0800216a   0x00000004   Code   RO         4829    i.class_in_handler  custom_hid_class.o
    0x0800216e   0x0800216e   0x00000032   Code   RO         4830    i.class_init_handler  custom_hid_class.o
    0x080021a0   0x080021a0   0x00000030   Code   RO         4831    i.class_out_handler  custom_hid_class.o
    0x080021d0   0x080021d0   0x000000dc   Code   RO         4832    i.class_setup_handler  custom_hid_class.o
    0x080022ac   0x080022ac   0x00000004   Code   RO         4833    i.class_sof_handler  custom_hid_class.o
    0x080022b0   0x080022b0   0x00000010   Code   RO          717    i.crm_ahb_div_set   at32f425_crm.o
    0x080022c0   0x080022c0   0x00000010   Code   RO          718    i.crm_apb1_div_set  at32f425_crm.o
    0x080022d0   0x080022d0   0x00000010   Code   RO          719    i.crm_apb2_div_set  at32f425_crm.o
    0x080022e0   0x080022e0   0x00000048   Code   RO          724    i.crm_clock_source_enable  at32f425_crm.o
    0x08002328   0x08002328   0x00000114   Code   RO          725    i.crm_clocks_freq_get  at32f425_crm.o
    0x0800243c   0x0800243c   0x00000020   Code   RO          729    i.crm_flag_get      at32f425_crm.o
    0x0800245c   0x0800245c   0x00000010   Code   RO          734    i.crm_hick_divider_select  at32f425_crm.o
    0x0800246c   0x0800246c   0x0000001c   Code   RO          735    i.crm_hick_sclk_frequency_select  at32f425_crm.o
    0x08002488   0x08002488   0x00000028   Code   RO          738    i.crm_periph_clock_enable  at32f425_crm.o
    0x080024b0   0x080024b0   0x00000028   Code   RO          739    i.crm_periph_reset  at32f425_crm.o
    0x080024d8   0x080024d8   0x000000e4   Code   RO          741    i.crm_pll_config    at32f425_crm.o
    0x080025bc   0x080025bc   0x00000048   Code   RO          743    i.crm_reset         at32f425_crm.o
    0x08002604   0x08002604   0x00000010   Code   RO          744    i.crm_sysclk_switch  at32f425_crm.o
    0x08002614   0x08002614   0x00000010   Code   RO          745    i.crm_sysclk_switch_status_get  at32f425_crm.o
    0x08002624   0x08002624   0x0000001c   Code   RO          746    i.crm_usb_clock_div_set  at32f425_crm.o
    0x08002640   0x08002640   0x0000001c   Code   RO          747    i.crm_usb_clock_source_select  at32f425_crm.o
    0x0800265c   0x0800265c   0x00000030   Code   RO          748    i.crm_usb_div_reset  at32f425_crm.o
    0x0800268c   0x0800268c   0x00000030   Code   RO         3575    i.delay_init        delay.o
    0x080026bc   0x080026bc   0x00000050   Code   RO         3576    i.delay_ms          delay.o
    0x0800270c   0x0800270c   0x00000034   Code   RO         3578    i.delay_us          delay.o
    0x08002740   0x08002740   0x0000000a   Code   RO          963    i.dma_channel_enable  at32f425_dma.o
    0x0800274a   0x0800274a   0x00000002   PAD
    0x0800274c   0x0800274c   0x0000000c   Code   RO          967    i.dma_flag_clear    at32f425_dma.o
    0x08002758   0x08002758   0x00000014   Code   RO          968    i.dma_flag_get      at32f425_dma.o
    0x0800276c   0x0800276c   0x0000000c   Code   RO         1373    i.exint_flag_clear  at32f425_exint.o
    0x08002778   0x08002778   0x00000018   Code   RO         1374    i.exint_flag_get    at32f425_exint.o
    0x08002790   0x08002790   0x00000030   Code   RO         4910    i.get_device_config_string  custom_hid_desc.o
    0x080027c0   0x080027c0   0x00000008   Code   RO         4911    i.get_device_configuration  custom_hid_desc.o
    0x080027c8   0x080027c8   0x00000008   Code   RO         4912    i.get_device_descriptor  custom_hid_desc.o
    0x080027d0   0x080027d0   0x00000034   Code   RO         4913    i.get_device_interface_string  custom_hid_desc.o
    0x08002804   0x08002804   0x00000008   Code   RO         4914    i.get_device_lang_id  custom_hid_desc.o
    0x0800280c   0x0800280c   0x00000024   Code   RO         4915    i.get_device_manufacturer_string  custom_hid_desc.o
    0x08002830   0x08002830   0x00000004   Code   RO         4916    i.get_device_other_speed  custom_hid_desc.o
    0x08002834   0x08002834   0x0000002c   Code   RO         4917    i.get_device_product_string  custom_hid_desc.o
    0x08002860   0x08002860   0x00000004   Code   RO         4918    i.get_device_qualifier  custom_hid_desc.o
    0x08002864   0x08002864   0x00000010   Code   RO         4919    i.get_device_serial_string  custom_hid_desc.o
    0x08002874   0x08002874   0x00000038   Code   RO         4920    i.get_serial_num    custom_hid_desc.o
    0x080028ac   0x080028ac   0x00000004   Code   RO         1660    i.gpio_bits_reset   at32f425_gpio.o
    0x080028b0   0x080028b0   0x00000004   Code   RO         1661    i.gpio_bits_set     at32f425_gpio.o
    0x080028b4   0x080028b4   0x00000014   Code   RO         1663    i.gpio_default_para_init  at32f425_gpio.o
    0x080028c8   0x080028c8   0x00000064   Code   RO         1664    i.gpio_init         at32f425_gpio.o
    0x0800292c   0x0800292c   0x00000030   Code   RO         1669    i.gpio_pin_mux_config  at32f425_gpio.o
    0x0800295c   0x0800295c   0x0000001c   Code   RO         4500    i.i2c_config        i2c_application.o
    0x08002978   0x08002978   0x00000004   Code   RO         1769    i.i2c_data_send     at32f425_i2c.o
    0x0800297c   0x0800297c   0x0000000a   Code   RO         1771    i.i2c_enable        at32f425_i2c.o
    0x08002986   0x08002986   0x00000004   Code   RO         1774    i.i2c_flag_clear    at32f425_i2c.o
    0x0800298a   0x0800298a   0x0000000e   Code   RO         1775    i.i2c_flag_get      at32f425_i2c.o
    0x08002998   0x08002998   0x00000014   Code   RO         1777    i.i2c_init          at32f425_i2c.o
    0x080029ac   0x080029ac   0x0000008c   Code   RO         4328    i.i2c_lowlevel_init  iic.o
    0x08002a38   0x08002a38   0x000000ac   Code   RO         4513    i.i2c_master_transmit  i2c_application.o
    0x08002ae4   0x08002ae4   0x0000001a   Code   RO         1781    i.i2c_own_address1_set  at32f425_i2c.o
    0x08002afe   0x08002afe   0x00000002   PAD
    0x08002b00   0x08002b00   0x00000044   Code   RO         1788    i.i2c_reset         at32f425_i2c.o
    0x08002b44   0x08002b44   0x00000034   Code   RO         4524    i.i2c_reset_ctrl2_register  i2c_application.o
    0x08002b78   0x08002b78   0x00000036   Code   RO         4537    i.i2c_start_transfer  i2c_application.o
    0x08002bae   0x08002bae   0x00000002   PAD
    0x08002bb0   0x08002bb0   0x0000001c   Code   RO         1801    i.i2c_transmit_set  at32f425_i2c.o
    0x08002bcc   0x08002bcc   0x0000008c   Code   RO         4540    i.i2c_wait_flag     i2c_application.o
    0x08002c58   0x08002c58   0x00000068   Code   RO         3476    i.main              main.o
    0x08002cc0   0x08002cc0   0x00000022   Code   RO         2020    i.nvic_irq_disable  at32f425_misc.o
    0x08002ce2   0x08002ce2   0x00000002   PAD
    0x08002ce4   0x08002ce4   0x00000078   Code   RO         2021    i.nvic_irq_enable   at32f425_misc.o
    0x08002d5c   0x08002d5c   0x00000024   Code   RO         2023    i.nvic_priority_group_config  at32f425_misc.o
    0x08002d80   0x08002d80   0x00000074   Code   RO         3374    i.system_clock_config  at32f425_clock.o
    0x08002df4   0x08002df4   0x000000dc   Code   RO           14    i.system_core_clock_update  system_at32f425.o
    0x08002ed0   0x08002ed0   0x0000001c   Code   RO         2026    i.systick_clock_source_config  at32f425_misc.o
    0x08002eec   0x08002eec   0x0000000e   Code   RO         2397    i.tmr_base_init     at32f425_tmr.o
    0x08002efa   0x08002efa   0x00000024   Code   RO         2404    i.tmr_channel_value_get  at32f425_tmr.o
    0x08002f1e   0x08002f1e   0x00000020   Code   RO         2405    i.tmr_channel_value_set  at32f425_tmr.o
    0x08002f3e   0x08002f3e   0x0000000a   Code   RO         2406    i.tmr_clock_source_div_set  at32f425_tmr.o
    0x08002f48   0x08002f48   0x0000000a   Code   RO         2407    i.tmr_cnt_dir_set   at32f425_tmr.o
    0x08002f52   0x08002f52   0x0000000a   Code   RO         2408    i.tmr_counter_enable  at32f425_tmr.o
    0x08002f5c   0x08002f5c   0x00000006   Code   RO         2420    i.tmr_flag_clear    at32f425_tmr.o
    0x08002f62   0x08002f62   0x0000000e   Code   RO         2421    i.tmr_flag_get      at32f425_tmr.o
    0x08002f70   0x08002f70   0x00000118   Code   RO         2426    i.tmr_input_channel_init  at32f425_tmr.o
    0x08003088   0x08003088   0x00000018   Code   RO         2429    i.tmr_interrupt_enable  at32f425_tmr.o
    0x080030a0   0x080030a0   0x00000038   Code   RO         2432    i.tmr_output_channel_buffer_enable  at32f425_tmr.o
    0x080030d8   0x080030d8   0x000000d6   Code   RO         2433    i.tmr_output_channel_config  at32f425_tmr.o
    0x080031ae   0x080031ae   0x00000012   Code   RO         2438    i.tmr_output_default_para_init  at32f425_tmr.o
    0x080031c0   0x080031c0   0x0000000a   Code   RO         2442    i.tmr_period_buffer_enable  at32f425_tmr.o
    0x080031ca   0x080031ca   0x00000002   PAD
    0x080031cc   0x080031cc   0x0000007c   Code   RO         3635    i.usb_clock48m_select  at32_usb.o
    0x08003248   0x08003248   0x0000000e   Code   RO         2972    i.usb_connect       at32f425_usb.o
    0x08003256   0x08003256   0x00000034   Code   RO         5013    i.usb_core_config   usb_core.o
    0x0800328a   0x0800328a   0x0000000e   Code   RO         2973    i.usb_disconnect    at32f425_usb.o
    0x08003298   0x08003298   0x0000001a   Code   RO         2974    i.usb_ept0_setup    at32f425_usb.o
    0x080032b2   0x080032b2   0x00000026   Code   RO         2975    i.usb_ept0_start    at32f425_usb.o
    0x080032d8   0x080032d8   0x00000060   Code   RO         2976    i.usb_ept_clear_stall  at32f425_usb.o
    0x08003338   0x08003338   0x0000004c   Code   RO         2977    i.usb_ept_close     at32f425_usb.o
    0x08003384   0x08003384   0x00000050   Code   RO         5047    i.usb_ept_default_init  usbd_core.o
    0x080033d4   0x080033d4   0x0000000a   Code   RO         2978    i.usb_ept_in_clear  at32f425_usb.o
    0x080033de   0x080033de   0x0000001e   Code   RO         2979    i.usb_ept_in_interrupt  at32f425_usb.o
    0x080033fc   0x080033fc   0x0000011c   Code   RO         2980    i.usb_ept_open      at32f425_usb.o
    0x08003518   0x08003518   0x0000000a   Code   RO         2981    i.usb_ept_out_clear  at32f425_usb.o
    0x08003522   0x08003522   0x00000010   Code   RO         2982    i.usb_ept_out_interrupt  at32f425_usb.o
    0x08003532   0x08003532   0x0000005c   Code   RO         2983    i.usb_ept_stall     at32f425_usb.o
    0x0800358e   0x0800358e   0x00000002   PAD
    0x08003590   0x08003590   0x00000024   Code   RO         2984    i.usb_flush_rx_fifo  at32f425_usb.o
    0x080035b4   0x080035b4   0x0000002c   Code   RO         2985    i.usb_flush_tx_fifo  at32f425_usb.o
    0x080035e0   0x080035e0   0x0000000e   Code   RO         2986    i.usb_get_all_in_interrupt  at32f425_usb.o
    0x080035ee   0x080035ee   0x0000000e   Code   RO         2987    i.usb_get_all_out_interrupt  at32f425_usb.o
    0x080035fc   0x080035fc   0x00000004   Code   RO         2988    i.usb_global_clear_interrupt  at32f425_usb.o
    0x08003600   0x08003600   0x00000008   Code   RO         2989    i.usb_global_get_all_interrupt  at32f425_usb.o
    0x08003608   0x08003608   0x00000014   Code   RO         2990    i.usb_global_init   at32f425_usb.o
    0x0800361c   0x0800361c   0x00000014   Code   RO         2991    i.usb_global_interrupt_enable  at32f425_usb.o
    0x08003630   0x08003630   0x00000038   Code   RO         2993    i.usb_global_reset  at32f425_usb.o
    0x08003668   0x08003668   0x00000006   Code   RO         2994    i.usb_global_select_core  at32f425_usb.o
    0x0800366e   0x0800366e   0x0000003e   Code   RO         2995    i.usb_global_set_mode  at32f425_usb.o
    0x080036ac   0x080036ac   0x00000018   Code   RO         3636    i.usb_gpio_config   at32_usb.o
    0x080036c4   0x080036c4   0x00000038   Code   RO         4835    i.usb_hid_buf_process  custom_hid_class.o
    0x080036fc   0x080036fc   0x0000000a   Code   RO         3000    i.usb_interrupt_disable  at32f425_usb.o
    0x08003706   0x08003706   0x0000000a   Code   RO         3001    i.usb_interrupt_enable  at32f425_usb.o
    0x08003710   0x08003710   0x0000000e   Code   RO         3002    i.usb_open_phy_clk  at32f425_usb.o
    0x0800371e   0x0800371e   0x0000001a   Code   RO         3004    i.usb_read_packet   at32f425_usb.o
    0x08003738   0x08003738   0x0000000e   Code   RO         3007    i.usb_set_address   at32f425_usb.o
    0x08003746   0x08003746   0x00000004   Code   RO         3008    i.usb_set_rx_fifo   at32f425_usb.o
    0x0800374a   0x0800374a   0x0000003e   Code   RO         3009    i.usb_set_tx_fifo   at32f425_usb.o
    0x08003788   0x08003788   0x0000000e   Code   RO         3010    i.usb_stop_phy_clk  at32f425_usb.o
    0x08003796   0x08003796   0x0000000a   Code   RO         3011    i.usb_suspend_status_get  at32f425_usb.o
    0x080037a0   0x080037a0   0x00000084   Code   RO         5219    i.usb_write_empty_txfifo  usbd_int.o
    0x08003824   0x08003824   0x0000001e   Code   RO         3012    i.usb_write_packet  at32f425_usb.o
    0x08003842   0x08003842   0x00000048   Code   RO         5319    i.usbd_clear_feature  usbd_sdr.o
    0x0800388a   0x0800388a   0x0000002e   Code   RO         5048    i.usbd_clear_stall  usbd_core.o
    0x080038b8   0x080038b8   0x00000006   Code   RO         5049    i.usbd_connect      usbd_core.o
    0x080038be   0x080038be   0x00000006   Code   RO         5050    i.usbd_connect_state_get  usbd_core.o
    0x080038c4   0x080038c4   0x000000b0   Code   RO         5051    i.usbd_core_in_handler  usbd_core.o
    0x08003974   0x08003974   0x00000110   Code   RO         5052    i.usbd_core_init    usbd_core.o
    0x08003a84   0x08003a84   0x00000074   Code   RO         5053    i.usbd_core_out_handler  usbd_core.o
    0x08003af8   0x08003af8   0x00000050   Code   RO         5054    i.usbd_core_setup_handler  usbd_core.o
    0x08003b48   0x08003b48   0x00000018   Code   RO         5055    i.usbd_ctrl_recv    usbd_core.o
    0x08003b60   0x08003b60   0x00000010   Code   RO         5056    i.usbd_ctrl_recv_status  usbd_core.o
    0x08003b70   0x08003b70   0x00000018   Code   RO         5057    i.usbd_ctrl_send    usbd_core.o
    0x08003b88   0x08003b88   0x00000010   Code   RO         5058    i.usbd_ctrl_send_status  usbd_core.o
    0x08003b98   0x08003b98   0x00000018   Code   RO         5059    i.usbd_ctrl_unsupport  usbd_core.o
    0x08003bb0   0x08003bb0   0x00000062   Code   RO         5320    i.usbd_device_request  usbd_sdr.o
    0x08003c12   0x08003c12   0x00000006   Code   RO         5060    i.usbd_disconnect   usbd_core.o
    0x08003c18   0x08003c18   0x00000138   Code   RO         5321    i.usbd_endpoint_request  usbd_sdr.o
    0x08003d50   0x08003d50   0x0000001a   Code   RO         5061    i.usbd_enter_suspend  usbd_core.o
    0x08003d6a   0x08003d6a   0x00000048   Code   RO         5221    i.usbd_enumdone_handler  usbd_int.o
    0x08003db2   0x08003db2   0x00000022   Code   RO         5062    i.usbd_ept_close    usbd_core.o
    0x08003dd4   0x08003dd4   0x00000034   Code   RO         5063    i.usbd_ept_open     usbd_core.o
    0x08003e08   0x08003e08   0x000000a4   Code   RO         5064    i.usbd_ept_recv     usbd_core.o
    0x08003eac   0x08003eac   0x000000f6   Code   RO         5065    i.usbd_ept_send     usbd_core.o
    0x08003fa2   0x08003fa2   0x00000068   Code   RO         5066    i.usbd_fifo_alloc   usbd_core.o
    0x0800400a   0x0800400a   0x00000046   Code   RO         5322    i.usbd_get_configuration  usbd_sdr.o
    0x08004050   0x08004050   0x000000c6   Code   RO         5323    i.usbd_get_descriptor  usbd_sdr.o
    0x08004116   0x08004116   0x00000016   Code   RO         5068    i.usbd_get_recv_len  usbd_core.o
    0x0800412c   0x0800412c   0x00000036   Code   RO         5324    i.usbd_get_status   usbd_sdr.o
    0x08004162   0x08004162   0x0000000e   Code   RO         5222    i.usbd_incomisioin_handler  usbd_int.o
    0x08004170   0x08004170   0x0000000e   Code   RO         5223    i.usbd_incomisoout_handler  usbd_int.o
    0x0800417e   0x0800417e   0x00000098   Code   RO         5224    i.usbd_inept_handler  usbd_int.o
    0x08004216   0x08004216   0x00000054   Code   RO         5014    i.usbd_init         usb_core.o
    0x0800426a   0x0800426a   0x0000003a   Code   RO         4921    i.usbd_int_to_unicode  custom_hid_desc.o
    0x080042a4   0x080042a4   0x00000034   Code   RO         5325    i.usbd_interface_request  usbd_sdr.o
    0x080042d8   0x080042d8   0x000000ce   Code   RO         5225    i.usbd_irq_handler  usbd_int.o
    0x080043a6   0x080043a6   0x00000084   Code   RO         5226    i.usbd_outept_handler  usbd_int.o
    0x0800442a   0x0800442a   0x0000009e   Code   RO         5227    i.usbd_reset_handler  usbd_int.o
    0x080044c8   0x080044c8   0x00000074   Code   RO         5228    i.usbd_rxflvl_handler  usbd_int.o
    0x0800453c   0x0800453c   0x00000048   Code   RO         5326    i.usbd_set_address  usbd_sdr.o
    0x08004584   0x08004584   0x000000ac   Code   RO         5327    i.usbd_set_configuration  usbd_sdr.o
    0x08004630   0x08004630   0x00000026   Code   RO         5328    i.usbd_set_feature  usbd_sdr.o
    0x08004656   0x08004656   0x0000002e   Code   RO         5071    i.usbd_set_stall    usbd_core.o
    0x08004684   0x08004684   0x00000028   Code   RO         5329    i.usbd_setup_request_parse  usbd_sdr.o
    0x080046ac   0x080046ac   0x0000000c   Code   RO         5229    i.usbd_sof_handler  usbd_int.o
    0x080046b8   0x080046b8   0x00000036   Code   RO         5230    i.usbd_suspend_handler  usbd_int.o
    0x080046ee   0x080046ee   0x00000032   Code   RO         4922    i.usbd_unicode_convert  custom_hid_desc.o
    0x08004720   0x08004720   0x00000032   Code   RO         5231    i.usbd_wakeup_handler  usbd_int.o
    0x08004752   0x08004752   0x00000010   Data   RO           15    .constdata          system_at32f425.o
    0x08004762   0x08004762   0x00000028   Data   RO          749    .constdata          at32f425_crm.o
    0x0800478a   0x0800478a   0x00000002   PAD
    0x0800478c   0x0800478c   0x00000020   Data   RO         5456    Region$$Table       anon$$obj.o


    Execution Region RW_IRAM1 (Exec base: 0x20000000, Load base: 0x080047ac, Size: 0x00000f00, Max: 0x00005000, ABSOLUTE, COMPRESSED[0x00000110])

    Exec Addr    Load Addr    Size         Type   Attr      Idx    E Section Name        Object

    0x20000000   COMPRESSED   0x00000004   Data   RW           16    .data               system_at32f425.o
    0x20000004   COMPRESSED   0x00000008   Data   RW         3580    .data               delay.o
    0x2000000c   COMPRESSED   0x00000001   Data   RW         3639    .data               at32_usb.o
    0x2000000d   COMPRESSED   0x00000003   PAD
    0x20000010   COMPRESSED   0x0000001c   Data   RW         3859    .data               digital_show.o
    0x2000002c   COMPRESSED   0x00000001   Data   RW         3860    .data               digital_show.o
    0x2000002d   COMPRESSED   0x00000003   PAD
    0x20000030   COMPRESSED   0x00000017   Data   RW         4249    .data               fan_pwm.o
    0x20000047   COMPRESSED   0x00000007   Data   RW         4447    .data               cn9122c1s96.o
    0x2000004e   COMPRESSED   0x00000002   PAD
    0x20000050   COMPRESSED   0x00000010   Data   RW         4770    .data               fan_rpm.o
    0x20000060   COMPRESSED   0x00000028   Data   RW         4837    .data               custom_hid_class.o
    0x20000088   COMPRESSED   0x00000028   Data   RW         4924    .data               custom_hid_desc.o
    0x200000b0   COMPRESSED   0x00000012   Data   RW         4925    .data               custom_hid_desc.o
    0x200000c2   COMPRESSED   0x00000002   PAD
    0x200000c4   COMPRESSED   0x00000029   Data   RW         4926    .data               custom_hid_desc.o
    0x200000ed   COMPRESSED   0x00000003   PAD
    0x200000f0   COMPRESSED   0x0000007e   Data   RW         4927    .data               custom_hid_desc.o
    0x2000016e   COMPRESSED   0x00000002   PAD
    0x20000170   COMPRESSED   0x00000009   Data   RW         4928    .data               custom_hid_desc.o
    0x20000179   COMPRESSED   0x00000003   PAD
    0x2000017c   COMPRESSED   0x00000004   Data   RW         4929    .data               custom_hid_desc.o
    0x20000180   COMPRESSED   0x00000042   Data   RW         4930    .data               custom_hid_desc.o
    0x200001c2   COMPRESSED   0x00000001   Data   RW         5330    .data               usbd_sdr.o
    0x200001c3   COMPRESSED   0x00000001   PAD
    0x200001c4        -       0x00000348   Zero   RW         3637    .bss                at32_usb.o
    0x2000050c        -       0x00000240   Zero   RW         3715    .bss                soft_timer.o
    0x2000074c        -       0x00000014   Zero   RW         3784    .bss                at32_timer.o
    0x20000760        -       0x00000150   Zero   RW         3858    .bss                digital_show.o
    0x200008b0        -       0x00000034   Zero   RW         4329    .bss                iic.o
    0x200008e4        -       0x0000000c   Zero   RW         4445    .bss                cn9122c1s96.o
    0x200008f0        -       0x00000110   Zero   RW         4836    .bss                custom_hid_class.o
    0x20000a00        -       0x00000100   Zero   RW         4923    .bss                custom_hid_desc.o
    0x20000b00        -       0x00000400   Zero   RW            1    STACK               startup_at32f425.o


==============================================================================

Image component sizes


      Code (inc. data)   RO Data    RW Data    ZI Data      Debug   Object Name

        96          8          0          0          0        593   argb.o
       132         18          0          0         20       1351   at32_timer.o
       994        128          0          1        840       8763   at32_usb.o
        76         24          0          0          0       2347   at32f425_acc.o
       116          6          0          0          0        558   at32f425_clock.o
       988        158         40          0          0      11941   at32f425_crm.o
        42         10          0          0          0       2385   at32f425_dma.o
        36         12          0          0          0       1276   at32f425_exint.o
       176          0          0          0          0       3853   at32f425_gpio.o
       174         12          0          0          0       5694   at32f425_i2c.o
        18          0          0          0          0       3910   at32f425_int.o
       218         14          0          0          0      33371   at32f425_misc.o
       734          0          0          0          0      10599   at32f425_tmr.o
      1184         18          0          0          0      21910   at32f425_usb.o
       212         12          0          7         12       2161   cn9122c1s96.o
       464         22          0         40        272       8389   custom_hid_class.o
       392        120          0        304        256       8305   custom_hid_desc.o
       180         26          0          8          0       2171   delay.o
      4028        266          0         29        336      26376   digital_show.o
       444         60          0         23          0       4717   fan_pwm.o
       532         68          0         16          0       4430   fan_rpm.o
       446          0          0          0          0       5787   i2c_application.o
       172         24          0          0         52       1871   iic.o
       104         12          0          0          0      10846   main.o
       260         24          0          0        576       3730   soft_timer.o
        36          8        208          0       1024        908   startup_at32f425.o
       304         38         16          4          0      68356   system_at32f425.o
        56          0          0          0          0        593   update.o
       136          0          0          0          0       1834   usb_core.o
      1586          6          0          0          0      15175   usbd_core.o
      1112          0          0          0          0       8624   usbd_int.o
      1178         30          0          1          0       8374   usbd_sdr.o

    ----------------------------------------------------------------------
     16658       1124        298        452       3388     291198   Object Totals
         0          0         32          0          0          0   (incl. Generated)
        32          0          2         19          0          0   (incl. Padding)

    ----------------------------------------------------------------------

      Code (inc. data)   RO Data    RW Data    ZI Data      Debug   Library Member Name

        86          0          0          0          0          0   __dczerorl2.o
         0          0          0          0          0          0   entry.o
         0          0          0          0          0          0   entry10a.o
         0          0          0          0          0          0   entry11a.o
         4          0          0          0          0          0   entry12b.o
         8          4          0          0          0          0   entry2.o
         4          0          0          0          0          0   entry5.o
         0          0          0          0          0          0   entry7b.o
         0          0          0          0          0          0   entry8b.o
         8          4          0          0          0          0   entry9a.o
        30          0          0          0          0          0   handlers.o
        36          8          0          0          0         68   init.o
         0          0          0          0          0          0   iusefp.o
        30          0          0          0          0         68   llshl.o
        32          0          0          0          0         68   llushr.o
        36          0          0          0          0         68   memcpya.o
        36          0          0          0          0        108   memseta.o
        98          0          0          0          0         92   uldiv.o
       222          0          0          0          0        100   ddiv.o
       186          0          0          0          0        176   depilogue.o
        62          0          0          0          0         80   dfixi.o
        34          0          0          0          0         76   dflti.o
       124          0          0          0          0         88   fdiv.o
       110          0          0          0          0        168   fepilogue.o
        50          0          0          0          0         68   ffixi.o
        40          0          0          0          0         68   ffixui.o
        18          0          0          0          0         68   fflti.o
        10          0          0          0          0         68   ffltui.o
       100          0          0          0          0         76   fmul.o
        24          0          0          0          0         68   fscalb.o

    ----------------------------------------------------------------------
      1392         16          0          0          0       1576   Library Totals
         4          0          0          0          0          0   (incl. Padding)

    ----------------------------------------------------------------------

      Code (inc. data)   RO Data    RW Data    ZI Data      Debug   Library Name

       408         16          0          0          0        472   mc_w.l
       980          0          0          0          0       1104   mf_w.l

    ----------------------------------------------------------------------
      1392         16          0          0          0       1576   Library Totals

    ----------------------------------------------------------------------

==============================================================================


      Code (inc. data)   RO Data    RW Data    ZI Data      Debug   

     18050       1140        298        452       3388     279278   Grand Totals
     18050       1140        298        272       3388     279278   ELF Image Totals (compressed)
     18050       1140        298        272          0          0   ROM Totals

==============================================================================

    Total RO  Size (Code + RO Data)                18348 (  17.92kB)
    Total RW  Size (RW Data + ZI Data)              3840 (   3.75kB)
    Total ROM Size (Code + RO Data + RW Data)      18620 (  18.18kB)

==============================================================================

